Archive member included to satisfy reference by file (symbol)

/Applications/VEXcode Pro V5.app/Contents/Resources/sdk/vexv5/libv5rt.a(v5_startup.c.obj)
                              (vexStartup)
/Applications/VEXcode Pro V5.app/Contents/Resources/sdk/vexv5/libv5rt.a(v5_util.c.obj)
                              /Applications/VEXcode Pro V5.app/Contents/Resources/sdk/vexv5/libv5rt.a(v5_startup.c.obj) (vexStdlibVersionLinked)
/Applications/VEXcode Pro V5.app/Contents/Resources/sdk/vexv5/libv5rt.a(v5_apijump.c.obj)
                              /Applications/VEXcode Pro V5.app/Contents/Resources/sdk/vexv5/libv5rt.a(v5_startup.c.obj) (vexPrivateApiEnable)
/Applications/VEXcode Pro V5.app/Contents/Resources/sdk/vexv5/libv5rt.a(v5_apiversions.c.obj)
                              /Applications/VEXcode Pro V5.app/Contents/Resources/sdk/vexv5/libv5rt.a(v5_apijump.c.obj) (vexSystemVersion)
/Applications/VEXcode Pro V5.app/Contents/Resources/sdk/vexv5/libv5rt.a(vex_global.cpp.obj)
                              build/src/main.o (vex::PORT22)
/Applications/VEXcode Pro V5.app/Contents/Resources/sdk/vexv5/libv5rt.a(vex_motor.cpp.obj)
                              build/src/main.o (vex::motor::~motor())
/Applications/VEXcode Pro V5.app/Contents/Resources/sdk/vexv5/libv5rt.a(vex_imu.cpp.obj)
                              build/src/main.o (vex::inertial::setHeading(double, vex::rotationUnits))
/Applications/VEXcode Pro V5.app/Contents/Resources/sdk/vexv5/libv5rt.a(vex_rotation.cpp.obj)
                              build/src/main.o (vex::rotation::~rotation())
/Applications/VEXcode Pro V5.app/Contents/Resources/sdk/vexv5/libv5rt.a(vex_distance.cpp.obj)
                              build/src/main.o (vex::distance::~distance())
/Applications/VEXcode Pro V5.app/Contents/Resources/sdk/vexv5/libv5rt.a(vex_controller.cpp.obj)
                              build/src/main.o (vex::controller::~controller())
/Applications/VEXcode Pro V5.app/Contents/Resources/sdk/vexv5/libv5rt.a(vex_task.cpp.obj)
                              build/src/main.o (vex::task::task(int (*)()))
/Applications/VEXcode Pro V5.app/Contents/Resources/sdk/vexv5/libv5rt.a(vex_thread.cpp.obj)
                              /Applications/VEXcode Pro V5.app/Contents/Resources/sdk/vexv5/libv5rt.a(vex_global.cpp.obj) (vex::this_thread::sleep_for(unsigned long))
/Applications/VEXcode Pro V5.app/Contents/Resources/sdk/vexv5/libv5rt.a(vex_event.cpp.obj)
                              /Applications/VEXcode Pro V5.app/Contents/Resources/sdk/vexv5/libv5rt.a(vex_imu.cpp.obj) (vex::event::init(unsigned long, unsigned long, void (*)()))
/Applications/VEXcode Pro V5.app/Contents/Resources/sdk/vexv5/libv5rt.a(vex_mevent.cpp.obj)
                              /Applications/VEXcode Pro V5.app/Contents/Resources/sdk/vexv5/libv5rt.a(vex_controller.cpp.obj) (vex::mevent::mevent(unsigned long, unsigned long))
/Applications/VEXcode Pro V5.app/Contents/Resources/sdk/vexv5/libv5rt.a(vex_brain.cpp.obj)
                              build/src/main.o (vex::brain::brain())
/Applications/VEXcode Pro V5.app/Contents/Resources/sdk/vexv5/libv5rt.a(vex_competition.cpp.obj)
                              build/src/main.o (vex::competition::competition())
/Applications/VEXcode Pro V5.app/Contents/Resources/sdk/vexv5/libv5rt.a(vex_triport.cpp.obj)
                              /Applications/VEXcode Pro V5.app/Contents/Resources/sdk/vexv5/libv5rt.a(vex_brain.cpp.obj) (vex::triport::~triport())
/Applications/VEXcode Pro V5.app/Contents/Resources/sdk/vexv5/libv5rt.a(vex_color.cpp.obj)
                              build/src/main.o (vex::color::~color())
/Applications/VEXcode Pro V5.app/Contents/Resources/sdk/vexv5/libv5rt.a(vex_timer.cpp.obj)
                              /Applications/VEXcode Pro V5.app/Contents/Resources/sdk/vexv5/libv5rt.a(vex_brain.cpp.obj) (vex::timer::~timer())
/Applications/VEXcode Pro V5.app/Contents/Resources/sdk/vexv5/libv5rt.a(v5_apiuser.c.obj)
                              /Applications/VEXcode Pro V5.app/Contents/Resources/sdk/vexv5/libv5rt.a(vex_triport.cpp.obj) (vexAdiPortConfigSet)
/Applications/VEXcode Pro V5.app/Contents/Resources/sdk/vexv5/libv5rt.a(vex_device.cpp.obj)
                              /Applications/VEXcode Pro V5.app/Contents/Resources/sdk/vexv5/libv5rt.a(vex_motor.cpp.obj) (vex::device::~device())
/Applications/VEXcode Pro V5.app/Contents/Resources/sdk/vexv5/gcc/libs/libc.a(lib_a-fini.o)
                              /Applications/VEXcode Pro V5.app/Contents/Resources/sdk/vexv5/libv5rt.a(v5_startup.c.obj) (__libc_fini_array)
/Applications/VEXcode Pro V5.app/Contents/Resources/sdk/vexv5/gcc/libs/libc.a(lib_a-impure.o)
                              /Applications/VEXcode Pro V5.app/Contents/Resources/sdk/vexv5/libv5rt.a(v5_startup.c.obj) (_impure_ptr)
/Applications/VEXcode Pro V5.app/Contents/Resources/sdk/vexv5/gcc/libs/libc.a(lib_a-init.o)
[...]
Memory Configuration

Name             Origin             Length             Attributes
ps7_ddr_0_S_AXI_BASEADDR 0x0000000003800000 0x0000000004800000
*default*        0x0000000000000000 0xffffffffffffffff

Linker script and memory map

                0x0000000000002000                _STACK_SIZE = DEFINED (_STACK_SIZE)?_STACK_SIZE:0x2000
                0x0000000000100000                _HEAP_SIZE = DEFINED (_HEAP_SIZE)?_HEAP_SIZE:0x100000
                0x0000000000000400                _ABORT_STACK_SIZE = DEFINED (_ABORT_STACK_SIZE)?_ABORT_STACK_SIZE:0x400
                0x0000000000000800                _SUPERVISOR_STACK_SIZE = DEFINED (_SUPERVISOR_STACK_SIZE)?_SUPERVISOR_STACK_SIZE:0x800
                0x0000000000000400                _IRQ_STACK_SIZE = DEFINED (_IRQ_STACK_SIZE)?_IRQ_STACK_SIZE:0x400
                0x0000000000000400                _FIQ_STACK_SIZE = DEFINED (_FIQ_STACK_SIZE)?_FIQ_STACK_SIZE:0x400
                0x0000000000000400                _UNDEF_STACK_SIZE = DEFINED (_UNDEF_STACK_SIZE)?_UNDEF_STACK_SIZE:0x400

.text           0x0000000003800000    0x11988
 *(.vectors)
 *(.boot_data)
 .boot_data     0x0000000003800000       0x20 /Applications/VEXcode Pro V5.app/Contents/Resources/sdk/vexv5/libv5rt.a(v5_startup.c.obj)
                0x0000000003800000                vexCodeSig
                0x0000000000000020                . = 0x20
 *(.boot)
 .boot          0x0000000003800020       0xbc /Applications/VEXcode Pro V5.app/Contents/Resources/sdk/vexv5/libv5rt.a(v5_startup.c.obj)
                0x0000000003800020                vexStartup
                0x0000000003800100                . = ALIGN (0x40)
 *fill*         0x00000000038000dc       0x24 
 *(.freertos_vectors)
 *(.text)
 *(.text.*)
 .text._Z8toStringi
                0x0000000003800100       0x48 build/src/main.o
                0x0000000003800100                toString(int)
 .text._Z23ball_detection_intakingv
                0x0000000003800148       0xb0 build/src/main.o
                0x0000000003800148                ball_detection_intaking()
 .text._Z23ball_detection_shootingv
                0x00000000038001f8       0xa8 build/src/main.o
                0x00000000038001f8                ball_detection_shooting()
 .text._Z18intaking_detectionv
                0x00000000038002a0      0x2f8 build/src/main.o
                0x00000000038002a0                intaking_detection()
 .text._Z18distance_detectionv
                0x0000000003800598      0x8e4 build/src/main.o
                0x0000000003800598                distance_detection()
 .text._Z11spin_motorsPd
                0x0000000003800e7c       0x8c build/src/main.o
                0x0000000003800e7c                spin_motors(double*)
 .text._Z9set_speeddddbSs
                0x0000000003800f08      0x2c0 build/src/main.o
                0x0000000003800f08                set_speed(double, double, double, bool, std::string)
 .text._Z11arcade_modev
                0x00000000038011c8      0x128 build/src/main.o
                0x00000000038011c8                arcade_mode()
 .text._Z9tank_modev
                0x00000000038012f0      0x114 build/src/main.o
                0x00000000038012f0                tank_mode()
 *fill*         0x0000000003801404        0x4 
 .text._Z15shooterControlsv
                0x0000000003801408      0x3f8 build/src/main.o
                0x0000000003801408                shooterControls()
 .text._Z13driveControlsv
                0x0000000003801800       0x98 build/src/main.o
                0x0000000003801800                driveControls()
 .text._Z11reset_thetav
                0x0000000003801898       0x98 build/src/main.o
                0x0000000003801898                reset_theta()
 .text._Z13trackOdometryv
                0x0000000003801930      0x2e8 build/src/main.o
                0x0000000003801930                trackOdometry()
 .text._Z11motorSpeedsPdb
                0x0000000003801c18      0x12c build/src/main.o
                0x0000000003801c18                motorSpeeds(double*, bool)
 *fill*         0x0000000003801d44        0x4 
 .text._Z11movementPIDddbdd
                0x0000000003801d48      0x2f0 build/src/main.o
                0x0000000003801d48                movementPID(double, double, bool, double, double)
 .text._Z12error_updateddd
                0x0000000003802038       0xe8 build/src/main.o
                0x0000000003802038                error_update(double, double, double)
 .text._Z14moveToPositiondddddddb
                0x0000000003802120      0x2a8 build/src/main.o
                0x0000000003802120                moveToPosition(double, double, double, double, double, double, double, bool)
 .text._Z9drawFieldv
                0x00000000038023c8       0xe8 build/src/main.o
                0x00000000038023c8                drawField()
 .text._Z11updateTouchv
                0x00000000038024b0      0x1b0 build/src/main.o
                0x00000000038024b0                updateTouch()
 .text._Z15displayOdomInfob
                0x0000000003802660      0x480 build/src/main.o
                0x0000000003802660                displayOdomInfo(bool)
 .text._Z19updateRobotPositionv
                0x0000000003802ae0      0x248 build/src/main.o
                0x0000000003802ae0                updateRobotPosition()
 .text._Z9debugModeb
                0x0000000003802d28       0x24 build/src/main.o
                0x0000000003802d28                debugMode(bool)
 .text.__cxx_global_array_dtor
                0x0000000003802d4c       0x24 build/src/main.o
 .text.__cxx_global_array_dtor.46
                0x0000000003802d70       0x34 build/src/main.o
 .text.__cxx_global_array_dtor.52
                0x0000000003802da4       0x34 build/src/main.o
 .text.__cxx_global_array_dtor.54
                0x0000000003802dd8       0x24 build/src/main.o
 .text.__cxx_global_array_dtor.64
                0x0000000003802dfc       0x34 build/src/main.o
 .text.__cxx_global_array_dtor.68
                0x0000000003802e30       0x34 build/src/main.o
 .text.__cxx_global_array_dtor.78
                0x0000000003802e64       0x34 build/src/main.o
 .text._Z8mainMenuv
                0x0000000003802e98      0x500 build/src/main.o
                0x0000000003802e98                mainMenu()
 .text._Z13createButtonsv
                0x0000000003803398       0xec build/src/main.o
                0x0000000003803398                createButtons()
 .text._Z17findButtonPresseddd
                0x0000000003803484       0xd0 build/src/main.o
                0x0000000003803484                findButtonPressed(double, double)
 .text._Z8resetAllv
                0x0000000003803554      0x158 build/src/main.o
                0x0000000003803554                resetAll()
 *fill*         0x00000000038036ac        0x4 
 .text._Z12selectButtonv
                0x00000000038036b0      0x238 build/src/main.o
                0x00000000038036b0                selectButton()
 .text._Z14autonDebugMenuv
                0x00000000038038e8      0xb34 build/src/main.o
                0x00000000038038e8                autonDebugMenu()
 .text._Z13getMotorTempsv
                0x000000000380441c      0x2b4 build/src/main.o
                0x000000000380441c                getMotorTemps()
 .text._Z11drawButtonsv
                0x00000000038046d0       0xd0 build/src/main.o
                0x00000000038046d0                drawButtons()
 .text._Z12move_forwarddd
                0x00000000038047a0      0x11c build/src/main.o
                0x00000000038047a0                move_forward(double, double)
 .text._Z7back_updd
                0x00000000038048bc      0x120 build/src/main.o
                0x00000000038048bc                back_up(double, double)
 .text._Z10left_rightdd
                0x00000000038049dc       0x98 build/src/main.o
                0x00000000038049dc                left_right(double, double)
 *fill*         0x0000000003804a74        0x4 
 .text._Z8testing3v
                0x0000000003804a78      0x150 build/src/main.o
                0x0000000003804a78                testing3()
 .text._Z8testing2v
                0x0000000003804bc8      0xbb0 build/src/main.o
                0x0000000003804bc8                testing2()
 .text._Z8prog_runv
                0x0000000003805778      0xfb0 build/src/main.o
                0x0000000003805778                prog_run()
 .text._Z7homerowv
                0x0000000003806728      0x708 build/src/main.o
                0x0000000003806728                homerow()
 .text._Z13coordinated_1v
                0x0000000003806e30      0x6d8 build/src/main.o
                0x0000000003806e30                coordinated_1()
 .text._Z13coordinated_2v
                0x0000000003807508      0x3d0 build/src/main.o
                0x0000000003807508                coordinated_2()
 .text._Z7testingv
                0x00000000038078d8      0x7e8 build/src/main.o
                0x00000000038078d8                testing()
 .text._Z4no_7v
                0x00000000038080c0      0x580 build/src/main.o
                0x00000000038080c0                no_7()
 .text._Z5Blue2v
                0x0000000003808640      0xb30 build/src/main.o
                0x0000000003808640                Blue2()
 .text._Z6Black2v
                0x0000000003809170      0x9a0 build/src/main.o
                0x0000000003809170                Black2()
 .text._Z6Black1v
                0x0000000003809b10      0x6d8 build/src/main.o
                0x0000000003809b10                Black1()
 .text._Z5Blue3v
                0x000000000380a1e8      0x1e0 build/src/main.o
                0x000000000380a1e8                Blue3()
 .text._Z5Blue4v
                0x000000000380a3c8       0x50 build/src/main.o
                0x000000000380a3c8                Blue4()
 .text._Z4Red1v
                0x000000000380a418       0xa4 build/src/main.o
                0x000000000380a418                Red1()
 *fill*         0x000000000380a4bc        0x4 
 .text._Z4Red2v
                0x000000000380a4c0      0x1d0 build/src/main.o
                0x000000000380a4c0                Red2()
 .text._Z4Red3v
                0x000000000380a690     0x23b4 build/src/main.o
                0x000000000380a690                Red3()
 *fill*         0x000000000380ca44        0x4 
 .text._Z4Red4v
                0x000000000380ca48      0x748 build/src/main.o
                0x000000000380ca48                Red4()
 .text._Z4Red5v
                0x000000000380d190      0x3e8 build/src/main.o
                0x000000000380d190                Red5()
 .text._Z9pre_autonv
                0x000000000380d578       0x50 build/src/main.o
                0x000000000380d578                pre_auton()
 .text._Z10autonomousv
                0x000000000380d5c8       0xc4 build/src/main.o
                0x000000000380d5c8                autonomous()
 .text._Z11usercontrolv
                0x000000000380d68c       0x24 build/src/main.o
                0x000000000380d68c                usercontrol()
 .text.main     0x000000000380d6b0       0x7c build/src/main.o
                0x000000000380d6b0                main
 *fill*         0x000000000380d72c        0x4 
 .text._GLOBAL__sub_I_main.cpp
                0x000000000380d730      0xfe0 build/src/main.o
 .text.vexMain  0x000000000380e710       0xb0 /Applications/VEXcode Pro V5.app/Contents/Resources/sdk/vexv5/libv5rt.a(v5_startup.c.obj)
                0x000000000380e710                vexMain
 .text.__vex_function_prolog
                0x000000000380e7c0       0x18 /Applications/VEXcode Pro V5.app/Contents/Resources/sdk/vexv5/libv5rt.a(v5_startup.c.obj)
                0x000000000380e7c0                __vex_function_prolog
 .text._init    0x000000000380e7d8        0x4 /Applications/VEXcode Pro V5.app/Contents/Resources/sdk/vexv5/libv5rt.a(v5_startup.c.obj)
                0x000000000380e7d8                _init
 .text._fini    0x000000000380e7dc        0x4 /Applications/VEXcode Pro V5.app/Contents/Resources/sdk/vexv5/libv5rt.a(v5_startup.c.obj)
                0x000000000380e7dc                _fini
 .text.vexStdlibVersionLinked
                0x000000000380e7e0        0xc /Applications/VEXcode Pro V5.app/Contents/Resources/sdk/vexv5/libv5rt.a(v5_util.c.obj)
                0x000000000380e7e0                vexStdlibVersionLinked
 .text.vexStdlibVersionVerify
                0x000000000380e7ec       0x30 /Applications/VEXcode Pro V5.app/Contents/Resources/sdk/vexv5/libv5rt.a(v5_util.c.obj)
                0x000000000380e7ec                vexStdlibVersionVerify
 .text.vexPrivateApiEnable
                0x000000000380e81c       0x10 /Applications/VEXcode Pro V5.app/Contents/Resources/sdk/vexv5/libv5rt.a(v5_apijump.c.obj)
                0x000000000380e81c                vexPrivateApiEnable
 .text.vexStdlibMismatchError
                0x000000000380e82c       0x3c /Applications/VEXcode Pro V5.app/Contents/Resources/sdk/vexv5/libv5rt.a(v5_apijump.c.obj)
                0x000000000380e82c                vexStdlibMismatchError
 .text.vexTaskAdd
                0x000000000380e868       0x10 /Applications/VEXcode Pro V5.app/Contents/Resources/sdk/vexv5/libv5rt.a(v5_apijump.c.obj)
                0x000000000380e868                vexTaskAdd
 .text.vexTasksRun
                0x000000000380e878       0x10 /Applications/VEXcode Pro V5.app/Contents/Resources/sdk/vexv5/libv5rt.a(v5_apijump.c.obj)
                0x000000000380e878                vexTasksRun
 .text.vexTaskYield
                0x000000000380e888       0x10 /Applications/VEXcode Pro V5.app/Contents/Resources/sdk/vexv5/libv5rt.a(v5_apijump.c.obj)
                0x000000000380e888                vexTaskYield
 .text.vexTaskCheckTimeslice
                0x000000000380e898       0x10 /Applications/VEXcode Pro V5.app/Contents/Resources/sdk/vexv5/libv5rt.a(v5_apijump.c.obj)
                0x000000000380e898                vexTaskCheckTimeslice
 .text.vexTaskSleep
                0x000000000380e8a8       0x10 /Applications/VEXcode Pro V5.app/Contents/Resources/sdk/vexv5/libv5rt.a(v5_apijump.c.obj)
                0x000000000380e8a8                vexTaskSleep
 .text.vexTasksDump
                0x000000000380e8b8       0x1c /Applications/VEXcode Pro V5.app/Contents/Resources/sdk/vexv5/libv5rt.a(v5_apijump.c.obj)
                0x000000000380e8b8                vexTasksDump
 .text.vexTaskGetTaskIndex
                0x000000000380e8d4       0x10 /Applications/VEXcode Pro V5.app/Contents/Resources/sdk/vexv5/libv5rt.a(v5_apijump.c.obj)
                0x000000000380e8d4                vexTaskGetTaskIndex
 .text.vexTaskStopAll
                0x000000000380e8e4       0x10 /Applications/VEXcode Pro V5.app/Contents/Resources/sdk/vexv5/libv5rt.a(v5_apijump.c.obj)
                0x000000000380e8e4                vexTaskStopAll
 .text.vexTaskRemoveAllUser
                0x000000000380e8f4       0x34 /Applications/VEXcode Pro V5.app/Contents/Resources/sdk/vexv5/libv5rt.a(v5_apijump.c.obj)
                0x000000000380e8f4                vexTaskRemoveAllUser
 .text.vexTaskCompletionIdSet
                0x000000000380e928       0x10 /Applications/VEXcode Pro V5.app/Contents/Resources/sdk/vexv5/libv5rt.a(v5_apijump.c.obj)
                0x000000000380e928                vexTaskCompletionIdSet
 .text.vexTaskStopWithId
                0x000000000380e938       0x10 /Applications/VEXcode Pro V5.app/Contents/Resources/sdk/vexv5/libv5rt.a(v5_apijump.c.obj)
                0x000000000380e938                vexTaskStopWithId
 .text.vexTaskResumeWithId
                0x000000000380e948       0x10 /Applications/VEXcode Pro V5.app/Contents/Resources/sdk/vexv5/libv5rt.a(v5_apijump.c.obj)
                0x000000000380e948                vexTaskResumeWithId
 .text.vexEventAdd
                0x000000000380e958       0x34 /Applications/VEXcode Pro V5.app/Contents/Resources/sdk/vexv5/libv5rt.a(v5_apijump.c.obj)
                0x000000000380e958                vexEventAdd
 .text.vexEventUserIndexGet
                0x000000000380e98c       0x1c /Applications/VEXcode Pro V5.app/Contents/Resources/sdk/vexv5/libv5rt.a(v5_apijump.c.obj)
                0x000000000380e98c                vexEventUserIndexGet
 .text.vexEventAddWithArg
                0x000000000380e9a8       0x3c /Applications/VEXcode Pro V5.app/Contents/Resources/sdk/vexv5/libv5rt.a(v5_apijump.c.obj)
                0x000000000380e9a8                vexEventAddWithArg
 .text.vexEventsCleanup
                0x000000000380e9e4       0x2c /Applications/VEXcode Pro V5.app/Contents/Resources/sdk/vexv5/libv5rt.a(v5_apijump.c.obj)
                0x000000000380e9e4                vexEventsCleanup
 .text.vexDebug
                0x000000000380ea10       0x38 /Applications/VEXcode Pro V5.app/Contents/Resources/sdk/vexv5/libv5rt.a(v5_apijump.c.obj)
                0x000000000380ea10                vexDebug
 .text.vex_sprintf
                0x000000000380ea48       0x40 /Applications/VEXcode Pro V5.app/Contents/Resources/sdk/vexv5/libv5rt.a(v5_apijump.c.obj)
                0x000000000380ea48                vex_sprintf
 .text.vex_vsnprintf
                0x000000000380ea88       0x3c /Applications/VEXcode Pro V5.app/Contents/Resources/sdk/vexv5/libv5rt.a(v5_apijump.c.obj)
                0x000000000380ea88                vex_vsnprintf
 .text.vexSystemTimeGet
                0x000000000380eac4       0x1c /Applications/VEXcode Pro V5.app/Contents/Resources/sdk/vexv5/libv5rt.a(v5_apijump.c.obj)
                0x000000000380eac4                vexSystemTimeGet
 .text.vexSystemExitRequest
                0x000000000380eae0       0x1c /Applications/VEXcode Pro V5.app/Contents/Resources/sdk/vexv5/libv5rt.a(v5_apijump.c.obj)
                0x000000000380eae0                vexSystemExitRequest
 .text.vexDeviceGetByIndex
                0x000000000380eafc       0x24 /Applications/VEXcode Pro V5.app/Contents/Resources/sdk/vexv5/libv5rt.a(v5_apijump.c.obj)
                0x000000000380eafc                vexDeviceGetByIndex
 .text.vexControllerGet
                0x000000000380eb20       0x2c /Applications/VEXcode Pro V5.app/Contents/Resources/sdk/vexv5/libv5rt.a(v5_apijump.c.obj)
                0x000000000380eb20                vexControllerGet
 .text.vexDeviceAdiPortConfigSet
                0x000000000380eb4c       0x34 /Applications/VEXcode Pro V5.app/Contents/Resources/sdk/vexv5/libv5rt.a(v5_apijump.c.obj)
                0x000000000380eb4c                vexDeviceAdiPortConfigSet
 .text.vexDeviceAdiPortConfigGet
                0x000000000380eb80       0x2c /Applications/VEXcode Pro V5.app/Contents/Resources/sdk/vexv5/libv5rt.a(v5_apijump.c.obj)
                0x000000000380eb80                vexDeviceAdiPortConfigGet
 .text.vexDeviceMotorVelocitySet
                0x000000000380ebac       0x2c /Applications/VEXcode Pro V5.app/Contents/Resources/sdk/vexv5/libv5rt.a(v5_apijump.c.obj)
                0x000000000380ebac                vexDeviceMotorVelocitySet
 .text.vexDeviceMotorActualVelocityGet
                0x000000000380ebd8       0x24 /Applications/VEXcode Pro V5.app/Contents/Resources/sdk/vexv5/libv5rt.a(v5_apijump.c.obj)
                0x000000000380ebd8                vexDeviceMotorActualVelocityGet
 .text.vexDeviceMotorTemperatureGet
                0x000000000380ebfc       0x24 /Applications/VEXcode Pro V5.app/Contents/Resources/sdk/vexv5/libv5rt.a(v5_apijump.c.obj)
                0x000000000380ebfc                vexDeviceMotorTemperatureGet
 .text.vexDeviceMotorReverseFlagSet
                0x000000000380ec20       0x2c /Applications/VEXcode Pro V5.app/Contents/Resources/sdk/vexv5/libv5rt.a(v5_apijump.c.obj)
                0x000000000380ec20                vexDeviceMotorReverseFlagSet
 .text.vexDeviceMotorBrakeModeSet
                0x000000000380ec4c       0x2c /Applications/VEXcode Pro V5.app/Contents/Resources/sdk/vexv5/libv5rt.a(v5_apijump.c.obj)
                0x000000000380ec4c                vexDeviceMotorBrakeModeSet
 .text.vexDeviceMotorPositionSet
                0x000000000380ec78       0x34 /Applications/VEXcode Pro V5.app/Contents/Resources/sdk/vexv5/libv5rt.a(v5_apijump.c.obj)
                0x000000000380ec78                vexDeviceMotorPositionSet
 .text.vexDeviceMotorGearingGet
                0x000000000380ecac       0x24 /Applications/VEXcode Pro V5.app/Contents/Resources/sdk/vexv5/libv5rt.a(v5_apijump.c.obj)
                0x000000000380ecac                vexDeviceMotorGearingGet
 .text.vexDeviceImuReset
                0x000000000380ecd0       0x24 /Applications/VEXcode Pro V5.app/Contents/Resources/sdk/vexv5/libv5rt.a(v5_apijump.c.obj)
                0x000000000380ecd0                vexDeviceImuReset
 .text.vexDeviceImuHeadingGet
                0x000000000380ecf4       0x24 /Applications/VEXcode Pro V5.app/Contents/Resources/sdk/vexv5/libv5rt.a(v5_apijump.c.obj)
                0x000000000380ecf4                vexDeviceImuHeadingGet
 .text.vexDeviceImuDegreesGet
                0x000000000380ed18       0x24 /Applications/VEXcode Pro V5.app/Contents/Resources/sdk/vexv5/libv5rt.a(v5_apijump.c.obj)
                0x000000000380ed18                vexDeviceImuDegreesGet
 .text.vexDeviceImuStatusGet
                0x000000000380ed3c       0x24 /Applications/VEXcode Pro V5.app/Contents/Resources/sdk/vexv5/libv5rt.a(v5_apijump.c.obj)
                0x000000000380ed3c                vexDeviceImuStatusGet
 .text.vexDeviceAbsEncPositionSet
                0x000000000380ed60       0x2c /Applications/VEXcode Pro V5.app/Contents/Resources/sdk/vexv5/libv5rt.a(v5_apijump.c.obj)
                0x000000000380ed60                vexDeviceAbsEncPositionSet
 .text.vexDeviceAbsEncPositionGet
                0x000000000380ed8c       0x24 /Applications/VEXcode Pro V5.app/Contents/Resources/sdk/vexv5/libv5rt.a(v5_apijump.c.obj)
                0x000000000380ed8c                vexDeviceAbsEncPositionGet
 .text.vexDeviceAbsEncAngleGet
                0x000000000380edb0       0x24 /Applications/VEXcode Pro V5.app/Contents/Resources/sdk/vexv5/libv5rt.a(v5_apijump.c.obj)
                0x000000000380edb0                vexDeviceAbsEncAngleGet
 .text.vexDeviceAbsEncReverseFlagSet
                0x000000000380edd4       0x2c /Applications/VEXcode Pro V5.app/Contents/Resources/sdk/vexv5/libv5rt.a(v5_apijump.c.obj)
                0x000000000380edd4                vexDeviceAbsEncReverseFlagSet
 .text.vexDeviceDistanceDistanceGet
                0x000000000380ee00       0x24 /Applications/VEXcode Pro V5.app/Contents/Resources/sdk/vexv5/libv5rt.a(v5_apijump.c.obj)
                0x000000000380ee00                vexDeviceDistanceDistanceGet
 .text.vexDisplayForegroundColor
                0x000000000380ee24       0x24 /Applications/VEXcode Pro V5.app/Contents/Resources/sdk/vexv5/libv5rt.a(v5_apijump.c.obj)
                0x000000000380ee24                vexDisplayForegroundColor
 .text.vexDisplayBackgroundColor
                0x000000000380ee48       0x24 /Applications/VEXcode Pro V5.app/Contents/Resources/sdk/vexv5/libv5rt.a(v5_apijump.c.obj)
                0x000000000380ee48                vexDisplayBackgroundColor
 .text.vexDisplayBackgroundColorGet
                0x000000000380ee6c       0x1c /Applications/VEXcode Pro V5.app/Contents/Resources/sdk/vexv5/libv5rt.a(v5_apijump.c.obj)
                0x000000000380ee6c                vexDisplayBackgroundColorGet
 .text.vexDisplayPixelSet
                0x000000000380ee88       0x38 /Applications/VEXcode Pro V5.app/Contents/Resources/sdk/vexv5/libv5rt.a(v5_apijump.c.obj)
                0x000000000380ee88                vexDisplayPixelSet
 .text.vexDisplayLineDraw
                0x000000000380eec0       0x4c /Applications/VEXcode Pro V5.app/Contents/Resources/sdk/vexv5/libv5rt.a(v5_apijump.c.obj)
                0x000000000380eec0                vexDisplayLineDraw
 .text.vexDisplayRectDraw
                0x000000000380ef0c       0x4c /Applications/VEXcode Pro V5.app/Contents/Resources/sdk/vexv5/libv5rt.a(v5_apijump.c.obj)
                0x000000000380ef0c                vexDisplayRectDraw
 .text.vexDisplayRectClear
                0x000000000380ef58       0x4c /Applications/VEXcode Pro V5.app/Contents/Resources/sdk/vexv5/libv5rt.a(v5_apijump.c.obj)
                0x000000000380ef58                vexDisplayRectClear
 .text.vexDisplayCircleDraw
                0x000000000380efa4       0x40 /Applications/VEXcode Pro V5.app/Contents/Resources/sdk/vexv5/libv5rt.a(v5_apijump.c.obj)
                0x000000000380efa4                vexDisplayCircleDraw
 .text.vexDisplayCircleClear
                0x000000000380efe4       0x40 /Applications/VEXcode Pro V5.app/Contents/Resources/sdk/vexv5/libv5rt.a(v5_apijump.c.obj)
                0x000000000380efe4                vexDisplayCircleClear
 .text.vexDisplayPrintf
                0x000000000380f024       0x68 /Applications/VEXcode Pro V5.app/Contents/Resources/sdk/vexv5/libv5rt.a(v5_apijump.c.obj)
                0x000000000380f024                vexDisplayPrintf
 .text.vexDisplayTextReference
                0x000000000380f08c       0x24 /Applications/VEXcode Pro V5.app/Contents/Resources/sdk/vexv5/libv5rt.a(v5_apijump.c.obj)
                0x000000000380f08c                vexDisplayTextReference
 .text.vexDisplayTextSize
                0x000000000380f0b0       0x2c /Applications/VEXcode Pro V5.app/Contents/Resources/sdk/vexv5/libv5rt.a(v5_apijump.c.obj)
                0x000000000380f0b0                vexDisplayTextSize
 .text.vexDisplayFontNamedSet
                0x000000000380f0dc       0x24 /Applications/VEXcode Pro V5.app/Contents/Resources/sdk/vexv5/libv5rt.a(v5_apijump.c.obj)
                0x000000000380f0dc                vexDisplayFontNamedSet
 .text.vexDisplayPenSizeGet
                0x000000000380f100       0x1c /Applications/VEXcode Pro V5.app/Contents/Resources/sdk/vexv5/libv5rt.a(v5_apijump.c.obj)
                0x000000000380f100                vexDisplayPenSizeGet
 .text.vexSystemStdlibImpureDataAddr
                0x000000000380f11c       0x28 /Applications/VEXcode Pro V5.app/Contents/Resources/sdk/vexv5/libv5rt.a(v5_apijump.c.obj)
                0x000000000380f11c                vexSystemStdlibImpureDataAddr
 .text.vexSystemStdlibImpureDataSize
                0x000000000380f144       0x28 /Applications/VEXcode Pro V5.app/Contents/Resources/sdk/vexv5/libv5rt.a(v5_apijump.c.obj)
                0x000000000380f144                vexSystemStdlibImpureDataSize
 .text.vexSystemSaveUserData
                0x000000000380f16c       0x3c /Applications/VEXcode Pro V5.app/Contents/Resources/sdk/vexv5/libv5rt.a(v5_apijump.c.obj)
                0x000000000380f16c                vexSystemSaveUserData
 .text.vexTouchDataGet
                0x000000000380f1a8       0x10 /Applications/VEXcode Pro V5.app/Contents/Resources/sdk/vexv5/libv5rt.a(v5_apijump.c.obj)
                0x000000000380f1a8                vexTouchDataGet
 .text.vexDisplayThemeIdGet
                0x000000000380f1b8       0x38 /Applications/VEXcode Pro V5.app/Contents/Resources/sdk/vexv5/libv5rt.a(v5_apijump.c.obj)
                0x000000000380f1b8                vexDisplayThemeIdGet
 .text.vexDisplayRender
                0x000000000380f1f0       0x2c /Applications/VEXcode Pro V5.app/Contents/Resources/sdk/vexv5/libv5rt.a(v5_apijump.c.obj)
                0x000000000380f1f0                vexDisplayRender
 .text.vexDeviceEventMaskSet
                0x000000000380f21c       0x48 /Applications/VEXcode Pro V5.app/Contents/Resources/sdk/vexv5/libv5rt.a(v5_apijump.c.obj)
                0x000000000380f21c                vexDeviceEventMaskSet
 .text.vexDeviceEventMaskGet
                0x000000000380f264       0x3c /Applications/VEXcode Pro V5.app/Contents/Resources/sdk/vexv5/libv5rt.a(v5_apijump.c.obj)
                0x000000000380f264                vexDeviceEventMaskGet
 .text.vexSystemVersion
                0x000000000380f2a0       0x10 /Applications/VEXcode Pro V5.app/Contents/Resources/sdk/vexv5/libv5rt.a(v5_apiversions.c.obj)
                0x000000000380f2a0                vexSystemVersion
 .text.vexStdlibVersion
                0x000000000380f2b0       0x10 /Applications/VEXcode Pro V5.app/Contents/Resources/sdk/vexv5/libv5rt.a(v5_apiversions.c.obj)
                0x000000000380f2b0                vexStdlibVersion
 .text._ZN3vex5motorD2Ev
                0x000000000380f2c0       0x20 /Applications/VEXcode Pro V5.app/Contents/Resources/sdk/vexv5/libv5rt.a(vex_motor.cpp.obj)
                0x000000000380f2c0                vex::motor::~motor()
                0x000000000380f2c0                vex::motor::~motor()
 .text._ZN3vex5motorD0Ev
                0x000000000380f2e0       0x1c /Applications/VEXcode Pro V5.app/Contents/Resources/sdk/vexv5/libv5rt.a(vex_motor.cpp.obj)
                0x000000000380f2e0                vex::motor::~motor()
 .text._ZN3vex5motor9installedEv
                0x000000000380f2fc       0x18 /Applications/VEXcode Pro V5.app/Contents/Resources/sdk/vexv5/libv5rt.a(vex_motor.cpp.obj)
                0x000000000380f2fc                vex::motor::installed()
 .text._ZN3vex5motor15defaultStoppingENS_9brakeTypeE
                0x000000000380f314       0x30 /Applications/VEXcode Pro V5.app/Contents/Resources/sdk/vexv5/libv5rt.a(vex_motor.cpp.obj)
                0x000000000380f314                vex::motor::defaultStopping(vex::brakeType)
 .text._ZN3vex5motor11setStoppingENS_9brakeTypeE
                0x000000000380f344        0x4 /Applications/VEXcode Pro V5.app/Contents/Resources/sdk/vexv5/libv5rt.a(vex_motor.cpp.obj)
                0x000000000380f344                vex::motor::setStopping(vex::brakeType)
 .text._ZN3vex5motorC2El
                0x000000000380f348       0x78 /Applications/VEXcode Pro V5.app/Contents/Resources/sdk/vexv5/libv5rt.a(vex_motor.cpp.obj)
                0x000000000380f348                vex::motor::motor(long)
                0x000000000380f348                vex::motor::motor(long)
 .text._ZN3vex5motorC2Elb
                0x000000000380f3c0       0x24 /Applications/VEXcode Pro V5.app/Contents/Resources/sdk/vexv5/libv5rt.a(vex_motor.cpp.obj)
                0x000000000380f3c0                vex::motor::motor(long, bool)
                0x000000000380f3c0                vex::motor::motor(long, bool)
 *fill*         0x000000000380f3e4        0x4 
 .text._ZN3vex5motor11temperatureENS_16temperatureUnitsE
                0x000000000380f3e8       0x40 /Applications/VEXcode Pro V5.app/Contents/Resources/sdk/vexv5/libv5rt.a(vex_motor.cpp.obj)
                0x000000000380f3e8                vex::motor::temperature(vex::temperatureUnits)
 .text._ZN3vex5motor16velocityToScaledEdNS_13velocityUnitsE
                0x000000000380f428       0x5c /Applications/VEXcode Pro V5.app/Contents/Resources/sdk/vexv5/libv5rt.a(vex_motor.cpp.obj)
                0x000000000380f428                vex::motor::velocityToScaled(double, vex::velocityUnits)
 .text._ZN3vex5motor8velocityENS_13velocityUnitsE
                0x000000000380f484       0x30 /Applications/VEXcode Pro V5.app/Contents/Resources/sdk/vexv5/libv5rt.a(vex_motor.cpp.obj)
                0x000000000380f484                vex::motor::velocity(vex::velocityUnits)
 .text._ZN3vex5motor5valueEv
                0x000000000380f4b4       0x1c /Applications/VEXcode Pro V5.app/Contents/Resources/sdk/vexv5/libv5rt.a(vex_motor.cpp.obj)
                0x000000000380f4b4                vex::motor::value()
 .text._ZN3vex5motor16scaledToVelocityEdNS_13velocityUnitsE
                0x000000000380f4d0       0xa4 /Applications/VEXcode Pro V5.app/Contents/Resources/sdk/vexv5/libv5rt.a(vex_motor.cpp.obj)
                0x000000000380f4d0                vex::motor::scaledToVelocity(double, vex::velocityUnits)
 .text._ZN3vex5motor4spinENS_13directionTypeEdNS_13velocityUnitsE
                0x000000000380f574       0x5c /Applications/VEXcode Pro V5.app/Contents/Resources/sdk/vexv5/libv5rt.a(vex_motor.cpp.obj)
                0x000000000380f574                vex::motor::spin(vex::directionType, double, vex::velocityUnits)
 .text._ZN3vex8inertial10setHeadingEdNS_13rotationUnitsE
                0x000000000380f5d0       0x60 /Applications/VEXcode Pro V5.app/Contents/Resources/sdk/vexv5/libv5rt.a(vex_imu.cpp.obj)
                0x000000000380f5d0                vex::inertial::setHeading(double, vex::rotationUnits)
 .text._ZThn16_N3vex8inertial10setHeadingEdNS_13rotationUnitsE
                0x000000000380f630        0x8 /Applications/VEXcode Pro V5.app/Contents/Resources/sdk/vexv5/libv5rt.a(vex_imu.cpp.obj)
                0x000000000380f630                non-virtual thunk to vex::inertial::setHeading(double, vex::rotationUnits)
 .text._ZN3vex8inertial11setRotationEdNS_13rotationUnitsE
                0x000000000380f638       0x60 /Applications/VEXcode Pro V5.app/Contents/Resources/sdk/vexv5/libv5rt.a(vex_imu.cpp.obj)
                0x000000000380f638                vex::inertial::setRotation(double, vex::rotationUnits)
 .text._ZThn16_N3vex8inertial11setRotationEdNS_13rotationUnitsE
                0x000000000380f698        0x8 /Applications/VEXcode Pro V5.app/Contents/Resources/sdk/vexv5/libv5rt.a(vex_imu.cpp.obj)
                0x000000000380f698                non-virtual thunk to vex::inertial::setRotation(double, vex::rotationUnits)
 .text._ZN3vex8inertialD2Ev
                0x000000000380f6a0       0x20 /Applications/VEXcode Pro V5.app/Contents/Resources/sdk/vexv5/libv5rt.a(vex_imu.cpp.obj)
                0x000000000380f6a0                vex::inertial::~inertial()
                0x000000000380f6a0                vex::inertial::~inertial()
 .text._ZThn16_N3vex8inertialD1Ev
                0x000000000380f6c0        0x8 /Applications/VEXcode Pro V5.app/Contents/Resources/sdk/vexv5/libv5rt.a(vex_imu.cpp.obj)
                0x000000000380f6c0                non-virtual thunk to vex::inertial::~inertial()
 .text._ZN3vex8inertialD0Ev
                0x000000000380f6c8       0x1c /Applications/VEXcode Pro V5.app/Contents/Resources/sdk/vexv5/libv5rt.a(vex_imu.cpp.obj)
                0x000000000380f6c8                vex::inertial::~inertial()
 .text._ZThn16_N3vex8inertialD0Ev
                0x000000000380f6e4        0x8 /Applications/VEXcode Pro V5.app/Contents/Resources/sdk/vexv5/libv5rt.a(vex_imu.cpp.obj)
                0x000000000380f6e4                non-virtual thunk to vex::inertial::~inertial()
 .text._ZN3vex8inertial9installedEv
                0x000000000380f6ec       0x18 /Applications/VEXcode Pro V5.app/Contents/Resources/sdk/vexv5/libv5rt.a(vex_imu.cpp.obj)
                0x000000000380f6ec                vex::inertial::installed()
 .text._ZN3vex8inertial5angleENS_13rotationUnitsE
                0x000000000380f704       0x60 /Applications/VEXcode Pro V5.app/Contents/Resources/sdk/vexv5/libv5rt.a(vex_imu.cpp.obj)
                0x000000000380f704                vex::inertial::angle(vex::rotationUnits)
 .text._ZThn16_N3vex8inertial5angleENS_13rotationUnitsE
                0x000000000380f764        0x8 /Applications/VEXcode Pro V5.app/Contents/Resources/sdk/vexv5/libv5rt.a(vex_imu.cpp.obj)
                0x000000000380f764                non-virtual thunk to vex::inertial::angle(vex::rotationUnits)
 .text._ZN3vex8inertial7headingENS_13rotationUnitsE
                0x000000000380f76c        0x4 /Applications/VEXcode Pro V5.app/Contents/Resources/sdk/vexv5/libv5rt.a(vex_imu.cpp.obj)
                0x000000000380f76c                vex::inertial::heading(vex::rotationUnits)
 .text._ZThn16_N3vex8inertial7headingENS_13rotationUnitsE
                0x000000000380f770        0x8 /Applications/VEXcode Pro V5.app/Contents/Resources/sdk/vexv5/libv5rt.a(vex_imu.cpp.obj)
                0x000000000380f770                non-virtual thunk to vex::inertial::heading(vex::rotationUnits)
 .text._ZN3vex8inertial5valueEv
                0x000000000380f778       0x1c /Applications/VEXcode Pro V5.app/Contents/Resources/sdk/vexv5/libv5rt.a(vex_imu.cpp.obj)
                0x000000000380f778                vex::inertial::value()
 *fill*         0x000000000380f794        0x4 
 .text._ZN3vex8inertial8rotationENS_13rotationUnitsE
                0x000000000380f798       0x40 /Applications/VEXcode Pro V5.app/Contents/Resources/sdk/vexv5/libv5rt.a(vex_imu.cpp.obj)
                0x000000000380f798                vex::inertial::rotation(vex::rotationUnits)
 .text._ZThn16_N3vex8inertial8rotationENS_13rotationUnitsE
                0x000000000380f7d8        0x8 /Applications/VEXcode Pro V5.app/Contents/Resources/sdk/vexv5/libv5rt.a(vex_imu.cpp.obj)
                0x000000000380f7d8                non-virtual thunk to vex::inertial::rotation(vex::rotationUnits)
 .text._ZN3vex8inertial13isCalibratingEv
                0x000000000380f7e0       0x38 /Applications/VEXcode Pro V5.app/Contents/Resources/sdk/vexv5/libv5rt.a(vex_imu.cpp.obj)
                0x000000000380f7e0                vex::inertial::isCalibrating()
 .text._ZThn16_N3vex8inertial13isCalibratingEv
                0x000000000380f818        0x8 /Applications/VEXcode Pro V5.app/Contents/Resources/sdk/vexv5/libv5rt.a(vex_imu.cpp.obj)
                0x000000000380f818                non-virtual thunk to vex::inertial::isCalibrating()
 .text._ZN3vex8inertialC2El
                0x000000000380f820       0x48 /Applications/VEXcode Pro V5.app/Contents/Resources/sdk/vexv5/libv5rt.a(vex_imu.cpp.obj)
                0x000000000380f820                vex::inertial::inertial(long)
                0x000000000380f820                vex::inertial::inertial(long)
 .text._ZN3vex8inertial16startCalibrationEl
                0x000000000380f868       0x20 /Applications/VEXcode Pro V5.app/Contents/Resources/sdk/vexv5/libv5rt.a(vex_imu.cpp.obj)
                0x000000000380f868                vex::inertial::startCalibration(long)
 .text._ZN3vex8inertial9calibrateEl
                0x000000000380f888        0xc /Applications/VEXcode Pro V5.app/Contents/Resources/sdk/vexv5/libv5rt.a(vex_imu.cpp.obj)
                0x000000000380f888                vex::inertial::calibrate(long)
                0x000000000380f88c                non-virtual thunk to vex::inertial::calibrate(long)
 .text._ZN3vex8rotationD2Ev
                0x000000000380f894       0x20 /Applications/VEXcode Pro V5.app/Contents/Resources/sdk/vexv5/libv5rt.a(vex_rotation.cpp.obj)
                0x000000000380f894                vex::rotation::~rotation()
                0x000000000380f894                vex::rotation::~rotation()
 .text._ZN3vex8rotationD0Ev
                0x000000000380f8b4       0x1c /Applications/VEXcode Pro V5.app/Contents/Resources/sdk/vexv5/libv5rt.a(vex_rotation.cpp.obj)
                0x000000000380f8b4                vex::rotation::~rotation()
 .text._ZN3vex8rotation9installedEv
                0x000000000380f8d0       0x18 /Applications/VEXcode Pro V5.app/Contents/Resources/sdk/vexv5/libv5rt.a(vex_rotation.cpp.obj)
                0x000000000380f8d0                vex::rotation::installed()
 .text._ZN3vex8rotation5valueEv
                0x000000000380f8e8        0x8 /Applications/VEXcode Pro V5.app/Contents/Resources/sdk/vexv5/libv5rt.a(vex_rotation.cpp.obj)
                0x000000000380f8e8                vex::rotation::value()
 .text._ZN3vex8rotationC2Elb
                0x000000000380f8f0       0x30 /Applications/VEXcode Pro V5.app/Contents/Resources/sdk/vexv5/libv5rt.a(vex_rotation.cpp.obj)
                0x000000000380f8f0                vex::rotation::rotation(long, bool)
                0x000000000380f8f0                vex::rotation::rotation(long, bool)
 .text._ZN3vex8rotation13resetPositionEv
                0x000000000380f920        0xc /Applications/VEXcode Pro V5.app/Contents/Resources/sdk/vexv5/libv5rt.a(vex_rotation.cpp.obj)
                0x000000000380f920                vex::rotation::resetPosition()
 *fill*         0x000000000380f92c        0x4 
 .text._ZN3vex8rotation8positionENS_13rotationUnitsE
                0x000000000380f930       0x50 /Applications/VEXcode Pro V5.app/Contents/Resources/sdk/vexv5/libv5rt.a(vex_rotation.cpp.obj)
                0x000000000380f930                vex::rotation::position(vex::rotationUnits)
 .text._ZN3vex8distanceD2Ev
                0x000000000380f980       0x20 /Applications/VEXcode Pro V5.app/Contents/Resources/sdk/vexv5/libv5rt.a(vex_distance.cpp.obj)
                0x000000000380f980                vex::distance::~distance()
                0x000000000380f980                vex::distance::~distance()
 .text._ZN3vex8distanceD0Ev
                0x000000000380f9a0       0x1c /Applications/VEXcode Pro V5.app/Contents/Resources/sdk/vexv5/libv5rt.a(vex_distance.cpp.obj)
                0x000000000380f9a0                vex::distance::~distance()
 .text._ZN3vex8distance9installedEv
                0x000000000380f9bc       0x18 /Applications/VEXcode Pro V5.app/Contents/Resources/sdk/vexv5/libv5rt.a(vex_distance.cpp.obj)
                0x000000000380f9bc                vex::distance::installed()
 .text._ZN3vex8distance5valueEv
                0x000000000380f9d4        0x8 /Applications/VEXcode Pro V5.app/Contents/Resources/sdk/vexv5/libv5rt.a(vex_distance.cpp.obj)
                0x000000000380f9d4                vex::distance::value()
 .text._ZN3vex8distanceC2El
                0x000000000380f9dc       0x20 /Applications/VEXcode Pro V5.app/Contents/Resources/sdk/vexv5/libv5rt.a(vex_distance.cpp.obj)
                0x000000000380f9dc                vex::distance::distance(long)
                0x000000000380f9dc                vex::distance::distance(long)
 .text._ZN3vex10controllerD2Ev
                0x000000000380f9fc        0x4 /Applications/VEXcode Pro V5.app/Contents/Resources/sdk/vexv5/libv5rt.a(vex_controller.cpp.obj)
                0x000000000380f9fc                vex::controller::~controller()
                0x000000000380f9fc                vex::controller::~controller()
 .text._ZN3vex10controller5valueE19_V5_ControllerIndex
                0x000000000380fa00        0x8 /Applications/VEXcode Pro V5.app/Contents/Resources/sdk/vexv5/libv5rt.a(vex_controller.cpp.obj)
                0x000000000380fa00                vex::controller::value(_V5_ControllerIndex)
 .text._ZN3vex10controller6button8pressingEv
                0x000000000380fa08       0xc8 /Applications/VEXcode Pro V5.app/Contents/Resources/sdk/vexv5/libv5rt.a(vex_controller.cpp.obj)
                0x000000000380fa08                vex::controller::button::pressing()
 .text._ZN3vex10controller6button21_buttonToPressedEventEv
                0x000000000380fad0       0x20 /Applications/VEXcode Pro V5.app/Contents/Resources/sdk/vexv5/libv5rt.a(vex_controller.cpp.obj)
                0x000000000380fad0                vex::controller::button::_buttonToPressedEvent()
 .text._ZN3vex10controller6button22_buttonToReleasedEventEv
                0x000000000380faf0       0x20 /Applications/VEXcode Pro V5.app/Contents/Resources/sdk/vexv5/libv5rt.a(vex_controller.cpp.obj)
                0x000000000380faf0                vex::controller::button::_buttonToReleasedEvent()
 .text._ZN3vex10controller6buttonC2ENS0_11tButtonTypeEPS0_
                0x000000000380fb10       0x48 /Applications/VEXcode Pro V5.app/Contents/Resources/sdk/vexv5/libv5rt.a(vex_controller.cpp.obj)
                0x000000000380fb10                vex::controller::button::button(vex::controller::tButtonType, vex::controller*)
                0x000000000380fb10                vex::controller::button::button(vex::controller::tButtonType, vex::controller*)
 .text._ZN3vex10controller4axis5valueEv
                0x000000000380fb58       0x58 /Applications/VEXcode Pro V5.app/Contents/Resources/sdk/vexv5/libv5rt.a(vex_controller.cpp.obj)
                0x000000000380fb58                vex::controller::axis::value()
 .text._ZN3vex10controller4axis23_joystickToChangedEventEv
                0x000000000380fbb0       0x20 /Applications/VEXcode Pro V5.app/Contents/Resources/sdk/vexv5/libv5rt.a(vex_controller.cpp.obj)
                0x000000000380fbb0                vex::controller::axis::_joystickToChangedEvent()
 .text._ZN3vex10controller4axisC2ENS0_9tAxisTypeEPS0_
                0x000000000380fbd0       0x2c /Applications/VEXcode Pro V5.app/Contents/Resources/sdk/vexv5/libv5rt.a(vex_controller.cpp.obj)
                0x000000000380fbd0                vex::controller::axis::axis(vex::controller::tAxisType, vex::controller*)
                0x000000000380fbd0                vex::controller::axis::axis(vex::controller::tAxisType, vex::controller*)
 .text._ZN3vex10controllerC2ENS_14controllerTypeE
                0x000000000380fbfc      0x204 /Applications/VEXcode Pro V5.app/Contents/Resources/sdk/vexv5/libv5rt.a(vex_controller.cpp.obj)
                0x000000000380fbfc                vex::controller::controller(vex::controllerType)
                0x000000000380fbfc                vex::controller::controller(vex::controllerType)
 .text._ZN3vex10controllerC2Ev
                0x000000000380fe00      0x204 /Applications/VEXcode Pro V5.app/Contents/Resources/sdk/vexv5/libv5rt.a(vex_controller.cpp.obj)
                0x000000000380fe00                vex::controller::controller()
                0x000000000380fe00                vex::controller::controller()
 .text._ZN3vex4taskC2EPFivE
                0x0000000003810004       0x5c /Applications/VEXcode Pro V5.app/Contents/Resources/sdk/vexv5/libv5rt.a(vex_task.cpp.obj)
                0x0000000003810004                vex::task::task(int (*)())
                0x0000000003810004                vex::task::task(int (*)())
 .text._ZN3vex4taskD2Ev
                0x0000000003810060        0x4 /Applications/VEXcode Pro V5.app/Contents/Resources/sdk/vexv5/libv5rt.a(vex_task.cpp.obj)
                0x0000000003810060                vex::task::~task()
                0x0000000003810060                vex::task::~task()
 .text._ZN3vex4task4stopERKS0_
                0x0000000003810064       0x18 /Applications/VEXcode Pro V5.app/Contents/Resources/sdk/vexv5/libv5rt.a(vex_task.cpp.obj)
                0x0000000003810064                vex::task::stop(vex::task const&)
 .text._ZN3vex4task6resumeEv
                0x000000000381007c       0x18 /Applications/VEXcode Pro V5.app/Contents/Resources/sdk/vexv5/libv5rt.a(vex_task.cpp.obj)
                0x000000000381007c                vex::task::resume()
 .text._ZN3vex4task5sleepEm
                0x0000000003810094        0x4 /Applications/VEXcode Pro V5.app/Contents/Resources/sdk/vexv5/libv5rt.a(vex_task.cpp.obj)
                0x0000000003810094                vex::task::sleep(unsigned long)
 .text._ZN3vex4task6_indexEPFivE
                0x0000000003810098       0x14 /Applications/VEXcode Pro V5.app/Contents/Resources/sdk/vexv5/libv5rt.a(vex_task.cpp.obj)
                0x0000000003810098                vex::task::_index(int (*)())
 .text._ZN3vex4task8_stopAllEv
                0x00000000038100ac       0x3c /Applications/VEXcode Pro V5.app/Contents/Resources/sdk/vexv5/libv5rt.a(vex_task.cpp.obj)
                0x00000000038100ac                vex::task::_stopAll()
 .text._ZN3vex5event4initEmmPFvvE
                0x00000000038100e8        0x4 /Applications/VEXcode Pro V5.app/Contents/Resources/sdk/vexv5/libv5rt.a(vex_event.cpp.obj)
                0x00000000038100e8                vex::event::init(unsigned long, unsigned long, void (*)())
 .text._ZN3vex5event4initEmmPFvPvES1_
                0x00000000038100ec        0x4 /Applications/VEXcode Pro V5.app/Contents/Resources/sdk/vexv5/libv5rt.a(vex_event.cpp.obj)
                0x00000000038100ec                vex::event::init(unsigned long, unsigned long, void (*)(void*), void*)
 .text._ZN3vex5event9userindexEv
                0x00000000038100f0        0x4 /Applications/VEXcode Pro V5.app/Contents/Resources/sdk/vexv5/libv5rt.a(vex_event.cpp.obj)
                0x00000000038100f0                vex::event::userindex()
 .text._ZZN3vex6meventC4EmmENUlvE_4_FUNEv
                0x00000000038100f4        0x4 /Applications/VEXcode Pro V5.app/Contents/Resources/sdk/vexv5/libv5rt.a(vex_mevent.cpp.obj)
 .text._ZN3vex6meventC2Emm
                0x00000000038100f8       0x70 /Applications/VEXcode Pro V5.app/Contents/Resources/sdk/vexv5/libv5rt.a(vex_mevent.cpp.obj)
                0x00000000038100f8                vex::mevent::mevent(unsigned long, unsigned long)
                0x00000000038100f8                vex::mevent::mevent(unsigned long, unsigned long)
 .text._ZN3vex5brain9_getIndexEv
                0x0000000003810168       0x10 /Applications/VEXcode Pro V5.app/Contents/Resources/sdk/vexv5/libv5rt.a(vex_brain.cpp.obj)
                0x0000000003810168                vex::brain::_getIndex()
 .text._ZN3vex5brain3lcd9setCursorEll
                0x0000000003810178       0x44 /Applications/VEXcode Pro V5.app/Contents/Resources/sdk/vexv5/libv5rt.a(vex_brain.cpp.obj)
                0x0000000003810178                vex::brain::lcd::setCursor(long, long)
 .text._ZN3vex5brain3lcd7setFontENS_8fontTypeE
                0x00000000038101bc      0x23c /Applications/VEXcode Pro V5.app/Contents/Resources/sdk/vexv5/libv5rt.a(vex_brain.cpp.obj)
                0x00000000038101bc                vex::brain::lcd::setFont(vex::fontType)
 .text._ZN3vex5brain3lcdC2Ev
                0x00000000038103f8       0x94 /Applications/VEXcode Pro V5.app/Contents/Resources/sdk/vexv5/libv5rt.a(vex_brain.cpp.obj)
                0x00000000038103f8                vex::brain::lcd::lcd()
                0x00000000038103f8                vex::brain::lcd::lcd()
 .text._ZN3vex5brainC2Ev
                0x000000000381048c       0x38 /Applications/VEXcode Pro V5.app/Contents/Resources/sdk/vexv5/libv5rt.a(vex_brain.cpp.obj)
                0x000000000381048c                vex::brain::brain()
                0x000000000381048c                vex::brain::brain()
 .text._ZN3vex5brain3lcd11setPenColorERKNS_5colorE
                0x00000000038104c4       0x14 /Applications/VEXcode Pro V5.app/Contents/Resources/sdk/vexv5/libv5rt.a(vex_brain.cpp.obj)
                0x00000000038104c4                vex::brain::lcd::setPenColor(vex::color const&)
 .text._ZN3vex5brain3lcd7printAtEllPKcz
                0x00000000038104d8       0x6c /Applications/VEXcode Pro V5.app/Contents/Resources/sdk/vexv5/libv5rt.a(vex_brain.cpp.obj)
                0x00000000038104d8                vex::brain::lcd::printAt(long, long, char const*, ...)
 .text._ZN3vex5brain3lcd7printAtEllbPKcz
                0x0000000003810544       0x64 /Applications/VEXcode Pro V5.app/Contents/Resources/sdk/vexv5/libv5rt.a(vex_brain.cpp.obj)
                0x0000000003810544                vex::brain::lcd::printAt(long, long, bool, char const*, ...)
 .text._ZN3vex5brain3lcd12_clearScreenEm
                0x00000000038105a8       0x38 /Applications/VEXcode Pro V5.app/Contents/Resources/sdk/vexv5/libv5rt.a(vex_brain.cpp.obj)
                0x00000000038105a8                vex::brain::lcd::_clearScreen(unsigned long)
 .text._ZN3vex5brain3lcd11clearScreenERKNS_5colorE
                0x00000000038105e0       0x20 /Applications/VEXcode Pro V5.app/Contents/Resources/sdk/vexv5/libv5rt.a(vex_brain.cpp.obj)
                0x00000000038105e0                vex::brain::lcd::clearScreen(vex::color const&)
 .text._ZN3vex5brain3lcd11clearScreenEv
                0x0000000003810600       0x2c /Applications/VEXcode Pro V5.app/Contents/Resources/sdk/vexv5/libv5rt.a(vex_brain.cpp.obj)
                0x0000000003810600                vex::brain::lcd::clearScreen()
 .text._ZN3vex5brain3lcd9drawPixelEii
                0x000000000381062c       0x14 /Applications/VEXcode Pro V5.app/Contents/Resources/sdk/vexv5/libv5rt.a(vex_brain.cpp.obj)
                0x000000000381062c                vex::brain::lcd::drawPixel(int, int)
 .text._ZN3vex5brain3lcd8drawLineEiiii
                0x0000000003810640      0x2c4 /Applications/VEXcode Pro V5.app/Contents/Resources/sdk/vexv5/libv5rt.a(vex_brain.cpp.obj)
                0x0000000003810640                vex::brain::lcd::drawLine(int, int, int, int)
 .text._ZN3vex5brain3lcd13drawRectangleEiiii
                0x0000000003810904       0xdc /Applications/VEXcode Pro V5.app/Contents/Resources/sdk/vexv5/libv5rt.a(vex_brain.cpp.obj)
                0x0000000003810904                vex::brain::lcd::drawRectangle(int, int, int, int)
 .text._ZN3vex5brain3lcd14_drawRectangleEiiiim
                0x00000000038109e0       0x74 /Applications/VEXcode Pro V5.app/Contents/Resources/sdk/vexv5/libv5rt.a(vex_brain.cpp.obj)
                0x00000000038109e0                vex::brain::lcd::_drawRectangle(int, int, int, int, unsigned long)
 .text._ZN3vex5brain3lcd13drawRectangleEiiiiRKNS_5colorE
                0x0000000003810a54       0x68 /Applications/VEXcode Pro V5.app/Contents/Resources/sdk/vexv5/libv5rt.a(vex_brain.cpp.obj)
                0x0000000003810a54                vex::brain::lcd::drawRectangle(int, int, int, int, vex::color const&)
 .text._ZN3vex5brain3lcd10drawCircleEiii
                0x0000000003810abc       0xa4 /Applications/VEXcode Pro V5.app/Contents/Resources/sdk/vexv5/libv5rt.a(vex_brain.cpp.obj)
                0x0000000003810abc                vex::brain::lcd::drawCircle(int, int, int)
 .text._ZN3vex5brain3lcd11_drawCircleEiiim
                0x0000000003810b60       0x60 /Applications/VEXcode Pro V5.app/Contents/Resources/sdk/vexv5/libv5rt.a(vex_brain.cpp.obj)
                0x0000000003810b60                vex::brain::lcd::_drawCircle(int, int, int, unsigned long)
 .text._ZN3vex5brain3lcd10drawCircleEiiiRKNS_5colorE
                0x0000000003810bc0       0x60 /Applications/VEXcode Pro V5.app/Contents/Resources/sdk/vexv5/libv5rt.a(vex_brain.cpp.obj)
                0x0000000003810bc0                vex::brain::lcd::drawCircle(int, int, int, vex::color const&)
 .text._ZN3vex5brain3lcd9xPositionEv
                0x0000000003810c20       0x24 /Applications/VEXcode Pro V5.app/Contents/Resources/sdk/vexv5/libv5rt.a(vex_brain.cpp.obj)
                0x0000000003810c20                vex::brain::lcd::xPosition()
 .text._ZN3vex5brain3lcd9yPositionEv
                0x0000000003810c44       0x24 /Applications/VEXcode Pro V5.app/Contents/Resources/sdk/vexv5/libv5rt.a(vex_brain.cpp.obj)
                0x0000000003810c44                vex::brain::lcd::yPosition()
 .text._ZN3vex5brain3lcd7pressedEPFvvE
                0x0000000003810c68       0x1c /Applications/VEXcode Pro V5.app/Contents/Resources/sdk/vexv5/libv5rt.a(vex_brain.cpp.obj)
                0x0000000003810c68                vex::brain::lcd::pressed(void (*)())
 .text._ZN3vex5brain3lcd6renderEv
                0x0000000003810c84        0xc /Applications/VEXcode Pro V5.app/Contents/Resources/sdk/vexv5/libv5rt.a(vex_brain.cpp.obj)
                0x0000000003810c84                vex::brain::lcd::render()
 .text._ZN3vex5brain3lcd8hueToRgbEm
                0x0000000003810c90       0xe0 /Applications/VEXcode Pro V5.app/Contents/Resources/sdk/vexv5/libv5rt.a(vex_brain.cpp.obj)
                0x0000000003810c90                vex::brain::lcd::hueToRgb(unsigned long)
 .text._ZN3vex5brain3lcd13drawRectangleEiiiii
                0x0000000003810d70       0x54 /Applications/VEXcode Pro V5.app/Contents/Resources/sdk/vexv5/libv5rt.a(vex_brain.cpp.obj)
                0x0000000003810d70                vex::brain::lcd::drawRectangle(int, int, int, int, int)
 .text._ZN3vex5brainD2Ev
                0x0000000003810dc4       0x20 /Applications/VEXcode Pro V5.app/Contents/Resources/sdk/vexv5/libv5rt.a(vex_brain.cpp.obj)
                0x0000000003810dc4                vex::brain::~brain()
                0x0000000003810dc4                vex::brain::~brain()
 .text._ZN3vex11competition11_autonomousEv
                0x0000000003810de4       0x90 /Applications/VEXcode Pro V5.app/Contents/Resources/sdk/vexv5/libv5rt.a(vex_competition.cpp.obj)
                0x0000000003810de4                vex::competition::_autonomous()
 .text._ZN3vex11competition14_drivercontrolEv
                0x0000000003810e74       0x90 /Applications/VEXcode Pro V5.app/Contents/Resources/sdk/vexv5/libv5rt.a(vex_competition.cpp.obj)
                0x0000000003810e74                vex::competition::_drivercontrol()
 .text._ZN3vex11competition8_disableEPv
                0x0000000003810f04       0xc8 /Applications/VEXcode Pro V5.app/Contents/Resources/sdk/vexv5/libv5rt.a(vex_competition.cpp.obj)
                0x0000000003810f04                vex::competition::_disable(void*)
 .text._ZN3vex11competitionC2Ev
                0x0000000003810fcc      0x13c /Applications/VEXcode Pro V5.app/Contents/Resources/sdk/vexv5/libv5rt.a(vex_competition.cpp.obj)
                0x0000000003810fcc                vex::competition::competition()
                0x0000000003810fcc                vex::competition::competition()
 .text._ZN3vex11competitionD2Ev
                0x0000000003811108        0x4 /Applications/VEXcode Pro V5.app/Contents/Resources/sdk/vexv5/libv5rt.a(vex_competition.cpp.obj)
                0x0000000003811108                vex::competition::~competition()
                0x0000000003811108                vex::competition::~competition()
 .text._ZN3vex11competition10autonomousEPFvvE
                0x000000000381110c       0x44 /Applications/VEXcode Pro V5.app/Contents/Resources/sdk/vexv5/libv5rt.a(vex_competition.cpp.obj)
                0x000000000381110c                vex::competition::autonomous(void (*)())
 .text._ZN3vex11competition13drivercontrolEPFvvE
                0x0000000003811150       0x44 /Applications/VEXcode Pro V5.app/Contents/Resources/sdk/vexv5/libv5rt.a(vex_competition.cpp.obj)
                0x0000000003811150                vex::competition::drivercontrol(void (*)())
 .text._ZN3vex7triportD2Ev
                0x0000000003811194       0x38 /Applications/VEXcode Pro V5.app/Contents/Resources/sdk/vexv5/libv5rt.a(vex_triport.cpp.obj)
                0x0000000003811194                vex::triport::~triport()
                0x0000000003811194                vex::triport::~triport()
 .text._ZN3vex7triportD0Ev
                0x00000000038111cc       0x1c /Applications/VEXcode Pro V5.app/Contents/Resources/sdk/vexv5/libv5rt.a(vex_triport.cpp.obj)
                0x00000000038111cc                vex::triport::~triport()
 .text._ZN3vex7triport9installedEv
                0x00000000038111e8       0x18 /Applications/VEXcode Pro V5.app/Contents/Resources/sdk/vexv5/libv5rt.a(vex_triport.cpp.obj)
                0x00000000038111e8                vex::triport::installed()
 .text._ZN3vex7triport4portC2ElPS0_
                0x0000000003811200       0x74 /Applications/VEXcode Pro V5.app/Contents/Resources/sdk/vexv5/libv5rt.a(vex_triport.cpp.obj)
                0x0000000003811200                vex::triport::port::port(long, vex::triport*)
                0x0000000003811200                vex::triport::port::port(long, vex::triport*)
 .text._ZN3vex7triportC2El
                0x0000000003811274       0xf0 /Applications/VEXcode Pro V5.app/Contents/Resources/sdk/vexv5/libv5rt.a(vex_triport.cpp.obj)
                0x0000000003811274                vex::triport::triport(long)
                0x0000000003811274                vex::triport::triport(long)
 .text._ZN3vex7triport4port4typeENS_11triportTypeE
                0x0000000003811364       0x30 /Applications/VEXcode Pro V5.app/Contents/Resources/sdk/vexv5/libv5rt.a(vex_triport.cpp.obj)
                0x0000000003811364                vex::triport::port::type(vex::triportType)
 .text._ZN3vex7triport4port4typeEv
                0x0000000003811394       0x38 /Applications/VEXcode Pro V5.app/Contents/Resources/sdk/vexv5/libv5rt.a(vex_triport.cpp.obj)
                0x0000000003811394                vex::triport::port::type()
 .text._ZN3vex11__trideviceC2ERNS_7triport4portENS_11triportTypeE
                0x00000000038113cc       0x5c /Applications/VEXcode Pro V5.app/Contents/Resources/sdk/vexv5/libv5rt.a(vex_triport.cpp.obj)
                0x00000000038113cc                vex::__tridevice::__tridevice(vex::triport::port&, vex::triportType)
                0x00000000038113cc                vex::__tridevice::__tridevice(vex::triport::port&, vex::triportType)
 .text._ZN3vex7encoderC2ERNS_7triport4portE
                0x0000000003811428       0x20 /Applications/VEXcode Pro V5.app/Contents/Resources/sdk/vexv5/libv5rt.a(vex_triport.cpp.obj)
                0x0000000003811428                vex::encoder::encoder(vex::triport::port&)
                0x0000000003811428                vex::encoder::encoder(vex::triport::port&)
 .text._ZN3vex7encoderD2Ev
                0x0000000003811448        0x4 /Applications/VEXcode Pro V5.app/Contents/Resources/sdk/vexv5/libv5rt.a(vex_triport.cpp.obj)
                0x0000000003811448                vex::encoder::~encoder()
                0x0000000003811448                vex::encoder::~encoder()
 .text.startup._GLOBAL__sub_I__ZN3vex7triportC2El
                0x000000000381144c       0x30 /Applications/VEXcode Pro V5.app/Contents/Resources/sdk/vexv5/libv5rt.a(vex_triport.cpp.obj)
 .text._ZN3vex5colorD2Ev
                0x000000000381147c        0x4 /Applications/VEXcode Pro V5.app/Contents/Resources/sdk/vexv5/libv5rt.a(vex_color.cpp.obj)
                0x000000000381147c                vex::color::~color()
                0x000000000381147c                vex::color::~color()
 .text._ZN3vex5colorC2Ei
                0x0000000003811480       0x10 /Applications/VEXcode Pro V5.app/Contents/Resources/sdk/vexv5/libv5rt.a(vex_color.cpp.obj)
                0x0000000003811480                vex::color::color(int)
                0x0000000003811480                vex::color::color(int)
 .text._ZN3vex5coloraSEm
                0x0000000003811490        0x8 /Applications/VEXcode Pro V5.app/Contents/Resources/sdk/vexv5/libv5rt.a(vex_color.cpp.obj)
                0x0000000003811490                vex::color::operator=(unsigned long)
 .text._ZNK3vex5colorcvmEv
                0x0000000003811498        0x8 /Applications/VEXcode Pro V5.app/Contents/Resources/sdk/vexv5/libv5rt.a(vex_color.cpp.obj)
                0x0000000003811498                vex::color::operator unsigned long() const
 .text._ZNK3vex5color13isTransparentEv
                0x00000000038114a0        0x8 /Applications/VEXcode Pro V5.app/Contents/Resources/sdk/vexv5/libv5rt.a(vex_color.cpp.obj)
                0x00000000038114a0                vex::color::isTransparent() const
 .text.startup._GLOBAL__sub_I__ZN3vex5color5blackE
                0x00000000038114a8      0x164 /Applications/VEXcode Pro V5.app/Contents/Resources/sdk/vexv5/libv5rt.a(vex_color.cpp.obj)
 .text._ZN3vex5timerD2Ev
                0x000000000381160c        0x4 /Applications/VEXcode Pro V5.app/Contents/Resources/sdk/vexv5/libv5rt.a(vex_timer.cpp.obj)
                0x000000000381160c                vex::timer::~timer()
                0x000000000381160c                vex::timer::~timer()
 .text._ZN3vex5timer5clearEv
                0x0000000003811610       0x1c /Applications/VEXcode Pro V5.app/Contents/Resources/sdk/vexv5/libv5rt.a(vex_timer.cpp.obj)
                0x0000000003811610                vex::timer::clear()
 .text._ZN3vex5timerC2Ev
                0x000000000381162c       0x14 /Applications/VEXcode Pro V5.app/Contents/Resources/sdk/vexv5/libv5rt.a(vex_timer.cpp.obj)
                0x000000000381162c                vex::timer::timer()
                0x000000000381162c                vex::timer::timer()
 .text._ZN3vex5timer6systemEv
                0x0000000003811640        0x4 /Applications/VEXcode Pro V5.app/Contents/Resources/sdk/vexv5/libv5rt.a(vex_timer.cpp.obj)
                0x0000000003811640                vex::timer::system()
 .text.vexAdiPortConfigSet
                0x0000000003811644       0x28 /Applications/VEXcode Pro V5.app/Contents/Resources/sdk/vexv5/libv5rt.a(v5_apiuser.c.obj)
                0x0000000003811644                vexAdiPortConfigSet
 .text.vexAdiPortConfigGet
                0x000000000381166c       0x28 /Applications/VEXcode Pro V5.app/Contents/Resources/sdk/vexv5/libv5rt.a(v5_apiuser.c.obj)
                0x000000000381166c                vexAdiPortConfigGet
 .text.vexMotorVelocitySet
                0x0000000003811694       0x20 /Applications/VEXcode Pro V5.app/Contents/Resources/sdk/vexv5/libv5rt.a(v5_apiuser.c.obj)
                0x0000000003811694                vexMotorVelocitySet
 .text.vexMotorActualVelocityGet
                0x00000000038116b4       0x24 /Applications/VEXcode Pro V5.app/Contents/Resources/sdk/vexv5/libv5rt.a(v5_apiuser.c.obj)
                0x00000000038116b4                vexMotorActualVelocityGet
 .text.vexMotorTemperatureGet
                0x00000000038116d8       0x24 /Applications/VEXcode Pro V5.app/Contents/Resources/sdk/vexv5/libv5rt.a(v5_apiuser.c.obj)
                0x00000000038116d8                vexMotorTemperatureGet
 .text.vexMotorReverseFlagSet
                0x00000000038116fc       0x20 /Applications/VEXcode Pro V5.app/Contents/Resources/sdk/vexv5/libv5rt.a(v5_apiuser.c.obj)
                0x00000000038116fc                vexMotorReverseFlagSet
 .text.vexMotorBrakeModeSet
                0x000000000381171c       0x20 /Applications/VEXcode Pro V5.app/Contents/Resources/sdk/vexv5/libv5rt.a(v5_apiuser.c.obj)
                0x000000000381171c                vexMotorBrakeModeSet
 .text.vexMotorPositionSet
                0x000000000381173c       0x28 /Applications/VEXcode Pro V5.app/Contents/Resources/sdk/vexv5/libv5rt.a(v5_apiuser.c.obj)
                0x000000000381173c                vexMotorPositionSet
 .text.vexMotorGearingGet
                0x0000000003811764       0x18 /Applications/VEXcode Pro V5.app/Contents/Resources/sdk/vexv5/libv5rt.a(v5_apiuser.c.obj)
                0x0000000003811764                vexMotorGearingGet
 .text.vexImuReset
                0x000000000381177c       0x10 /Applications/VEXcode Pro V5.app/Contents/Resources/sdk/vexv5/libv5rt.a(v5_apiuser.c.obj)
                0x000000000381177c                vexImuReset
 .text.vexImuHeadingGet
                0x000000000381178c       0x10 /Applications/VEXcode Pro V5.app/Contents/Resources/sdk/vexv5/libv5rt.a(v5_apiuser.c.obj)
                0x000000000381178c                vexImuHeadingGet
 .text.vexImuDegreesGet
                0x000000000381179c       0x10 /Applications/VEXcode Pro V5.app/Contents/Resources/sdk/vexv5/libv5rt.a(v5_apiuser.c.obj)
                0x000000000381179c                vexImuDegreesGet
 .text.vexImuStatusGet
                0x00000000038117ac       0x10 /Applications/VEXcode Pro V5.app/Contents/Resources/sdk/vexv5/libv5rt.a(v5_apiuser.c.obj)
                0x00000000038117ac                vexImuStatusGet
 .text.vexAbsEncPositionSet
                0x00000000038117bc       0x18 /Applications/VEXcode Pro V5.app/Contents/Resources/sdk/vexv5/libv5rt.a(v5_apiuser.c.obj)
                0x00000000038117bc                vexAbsEncPositionSet
 .text.vexAbsEncPositionGet
                0x00000000038117d4       0x10 /Applications/VEXcode Pro V5.app/Contents/Resources/sdk/vexv5/libv5rt.a(v5_apiuser.c.obj)
                0x00000000038117d4                vexAbsEncPositionGet
 .text.vexAbsEncAngleGet
                0x00000000038117e4       0x10 /Applications/VEXcode Pro V5.app/Contents/Resources/sdk/vexv5/libv5rt.a(v5_apiuser.c.obj)
                0x00000000038117e4                vexAbsEncAngleGet
 .text.vexAbsEncReverseFlagSet
                0x00000000038117f4       0x18 /Applications/VEXcode Pro V5.app/Contents/Resources/sdk/vexv5/libv5rt.a(v5_apiuser.c.obj)
                0x00000000038117f4                vexAbsEncReverseFlagSet
 .text.vexDistanceDistanceGet
                0x000000000381180c       0x10 /Applications/VEXcode Pro V5.app/Contents/Resources/sdk/vexv5/libv5rt.a(v5_apiuser.c.obj)
                0x000000000381180c                vexDistanceDistanceGet
 .text.vexEventMaskSet
                0x000000000381181c       0x28 /Applications/VEXcode Pro V5.app/Contents/Resources/sdk/vexv5/libv5rt.a(v5_apiuser.c.obj)
                0x000000000381181c                vexEventMaskSet
 .text.vexEventMaskGet
                0x0000000003811844       0x18 /Applications/VEXcode Pro V5.app/Contents/Resources/sdk/vexv5/libv5rt.a(v5_apiuser.c.obj)
                0x0000000003811844                vexEventMaskGet
 .text._ZN3vex6deviceD2Ev
                0x000000000381185c        0x4 /Applications/VEXcode Pro V5.app/Contents/Resources/sdk/vexv5/libv5rt.a(vex_device.cpp.obj)
                0x000000000381185c                vex::device::~device()
                0x000000000381185c                vex::device::~device()
 .text._ZN3vex6device5valueEv
                0x0000000003811860        0x8 /Applications/VEXcode Pro V5.app/Contents/Resources/sdk/vexv5/libv5rt.a(vex_device.cpp.obj)
                0x0000000003811860                vex::device::value()
 .text._ZN3vex6deviceD0Ev
                0x0000000003811868       0x14 /Applications/VEXcode Pro V5.app/Contents/Resources/sdk/vexv5/libv5rt.a(vex_device.cpp.obj)
                0x0000000003811868                vex::device::~device()
 .text._ZN3vex6device4initEl
                0x000000000381187c       0x30 /Applications/VEXcode Pro V5.app/Contents/Resources/sdk/vexv5/libv5rt.a(vex_device.cpp.obj)
                0x000000000381187c                vex::device::init(long)
 .text._ZN3vex6deviceC2El
                0x00000000038118ac       0x20 /Applications/VEXcode Pro V5.app/Contents/Resources/sdk/vexv5/libv5rt.a(vex_device.cpp.obj)
                0x00000000038118ac                vex::device::device(long)
                0x00000000038118ac                vex::device::device(long)
 .text._ZN3vex6device4typeEv
                0x00000000038118cc       0x10 /Applications/VEXcode Pro V5.app/Contents/Resources/sdk/vexv5/libv5rt.a(vex_device.cpp.obj)
                0x00000000038118cc                vex::device::type()
 .text._ZN3vex6device9installedEv
                0x00000000038118dc       0x14 /Applications/VEXcode Pro V5.app/Contents/Resources/sdk/vexv5/libv5rt.a(vex_device.cpp.obj)
                0x00000000038118dc                vex::device::installed()
 .text.__libc_fini_array
                0x00000000038118f0       0x30 /Applications/VEXcode Pro V5.app/Contents/Resources/sdk/vexv5/gcc/libs/libc.a(lib_a-fini.o)
                0x00000000038118f0                __libc_fini_array
 .text.__libc_init_array
                0x0000000003811920       0x58 /Applications/VEXcode Pro V5.app/Contents/Resources/sdk/vexv5/gcc/libs/libc.a(lib_a-init.o)
                0x0000000003811920                __libc_init_array
 .text.__libc_init_array.__stub
                0x0000000003811978       0x10 linker stubs
 *(.gnu.linkonce.t.*)
 *(.plt)
 *(.gnu_warning)
 *(.gcc_except_table)
 *(.glue_7)
 .glue_7        0x0000000003811988        0x0 linker stubs
 *(.glue_7t)
 .glue_7t       0x0000000003811988        0x0 linker stubs
 *(.vfp11_veneer)
 .vfp11_veneer  0x0000000003811988        0x0 linker stubs
 *(.ARM.extab)
 *(.gnu.linkonce.armextab.*)

.v4_bx          0x0000000003811988        0x0
 .v4_bx         0x0000000003811988        0x0 linker stubs

.iplt           0x0000000003811988        0x0
 .iplt          0x0000000003811988        0x0 build/src/main.o

.init
 *(.init)

.fini
 *(.fini)

.rodata         0x0000000003811988      0x374
                0x0000000003811988                __rodata_start = .
 *(.rodata)
 *(.rodata.*)
 .rodata.str1.1
                0x0000000003811988      0x1a9 build/src/main.o
                                        0x1b5 (size before relaxing)
 .rodata.str1.1
                0x0000000003811b31       0x2e /Applications/VEXcode Pro V5.app/Contents/Resources/sdk/vexv5/libv5rt.a(v5_startup.c.obj)
 *fill*         0x0000000003811b5f        0x1 
 .rodata._ZN3vex6PORT20E
                0x0000000003811b60        0x4 /Applications/VEXcode Pro V5.app/Contents/Resources/sdk/vexv5/libv5rt.a(vex_global.cpp.obj)
                0x0000000003811b60                vex::PORT20
 .rodata._ZN3vex5PORT3E
                0x0000000003811b64        0x4 /Applications/VEXcode Pro V5.app/Contents/Resources/sdk/vexv5/libv5rt.a(vex_global.cpp.obj)
                0x0000000003811b64                vex::PORT3
 .rodata._ZN3vex5PORT1E
                0x0000000003811b68        0x4 /Applications/VEXcode Pro V5.app/Contents/Resources/sdk/vexv5/libv5rt.a(vex_global.cpp.obj)
                0x0000000003811b68                vex::PORT1
 .rodata._ZN3vex6PORT10E
                0x0000000003811b6c        0x4 /Applications/VEXcode Pro V5.app/Contents/Resources/sdk/vexv5/libv5rt.a(vex_global.cpp.obj)
                0x0000000003811b6c                vex::PORT10
 .rodata._ZN3vex5PORT9E
                0x0000000003811b70        0x4 /Applications/VEXcode Pro V5.app/Contents/Resources/sdk/vexv5/libv5rt.a(vex_global.cpp.obj)
                0x0000000003811b70                vex::PORT9
 .rodata._ZN3vex6PORT21E
                0x0000000003811b74        0x4 /Applications/VEXcode Pro V5.app/Contents/Resources/sdk/vexv5/libv5rt.a(vex_global.cpp.obj)
                0x0000000003811b74                vex::PORT21
 .rodata._ZN3vex5PORT2E
                0x0000000003811b78        0x4 /Applications/VEXcode Pro V5.app/Contents/Resources/sdk/vexv5/libv5rt.a(vex_global.cpp.obj)
                0x0000000003811b78                vex::PORT2
 .rodata._ZN3vex6PORT11E
                0x0000000003811b7c        0x4 /Applications/VEXcode Pro V5.app/Contents/Resources/sdk/vexv5/libv5rt.a(vex_global.cpp.obj)
                0x0000000003811b7c                vex::PORT11
 .rodata._ZN3vex5PORT6E
                0x0000000003811b80        0x4 /Applications/VEXcode Pro V5.app/Contents/Resources/sdk/vexv5/libv5rt.a(vex_global.cpp.obj)
                0x0000000003811b80                vex::PORT6
 .rodata._ZN3vex6PORT15E
                0x0000000003811b84        0x4 /Applications/VEXcode Pro V5.app/Contents/Resources/sdk/vexv5/libv5rt.a(vex_global.cpp.obj)
                0x0000000003811b84                vex::PORT15
 .rodata._ZN3vex6PORT19E
                0x0000000003811b88        0x4 /Applications/VEXcode Pro V5.app/Contents/Resources/sdk/vexv5/libv5rt.a(vex_global.cpp.obj)
                0x0000000003811b88                vex::PORT19
 .rodata._ZN3vex7degreesE
                0x0000000003811b8c        0x4 /Applications/VEXcode Pro V5.app/Contents/Resources/sdk/vexv5/libv5rt.a(vex_global.cpp.obj)
                0x0000000003811b8c                vex::degrees
 .rodata._ZN3vex6PORT22E
                0x0000000003811b90        0x4 /Applications/VEXcode Pro V5.app/Contents/Resources/sdk/vexv5/libv5rt.a(vex_global.cpp.obj)
                0x0000000003811b90                vex::PORT22
 .rodata._ZN3vex5PORT7E
                0x0000000003811b94        0x4 /Applications/VEXcode Pro V5.app/Contents/Resources/sdk/vexv5/libv5rt.a(vex_global.cpp.obj)
                0x0000000003811b94                vex::PORT7
 .rodata._ZN3vex6PORT16E
                0x0000000003811b98        0x4 /Applications/VEXcode Pro V5.app/Contents/Resources/sdk/vexv5/libv5rt.a(vex_global.cpp.obj)
                0x0000000003811b98                vex::PORT16
 .rodata._ZN3vex5PORT4E
                0x0000000003811b9c        0x4 /Applications/VEXcode Pro V5.app/Contents/Resources/sdk/vexv5/libv5rt.a(vex_global.cpp.obj)
                0x0000000003811b9c                vex::PORT4
 .rodata._ZN3vex5PORT8E
                0x0000000003811ba0        0x4 /Applications/VEXcode Pro V5.app/Contents/Resources/sdk/vexv5/libv5rt.a(vex_global.cpp.obj)
                0x0000000003811ba0                vex::PORT8
 *fill*         0x0000000003811ba4        0x4 
 .rodata._ZTVN3vex5motorE
                0x0000000003811ba8       0x18 /Applications/VEXcode Pro V5.app/Contents/Resources/sdk/vexv5/libv5rt.a(vex_motor.cpp.obj)
                0x0000000003811ba8                vtable for vex::motor
 .rodata._ZTVN3vex8inertialE
                0x0000000003811bc0       0x60 /Applications/VEXcode Pro V5.app/Contents/Resources/sdk/vexv5/libv5rt.a(vex_imu.cpp.obj)
                0x0000000003811bc0                vtable for vex::inertial
 .rodata._ZTVN3vex8rotationE
                0x0000000003811c20       0x18 /Applications/VEXcode Pro V5.app/Contents/Resources/sdk/vexv5/libv5rt.a(vex_rotation.cpp.obj)
                0x0000000003811c20                vtable for vex::rotation
 .rodata._ZTVN3vex8distanceE
                0x0000000003811c38       0x18 /Applications/VEXcode Pro V5.app/Contents/Resources/sdk/vexv5/libv5rt.a(vex_distance.cpp.obj)
                0x0000000003811c38                vtable for vex::distance
 .rodata.CSWTCH.16
                0x0000000003811c50        0xb /Applications/VEXcode Pro V5.app/Contents/Resources/sdk/vexv5/libv5rt.a(vex_controller.cpp.obj)
 .rodata.CSWTCH.18
                0x0000000003811c5b        0xb /Applications/VEXcode Pro V5.app/Contents/Resources/sdk/vexv5/libv5rt.a(vex_controller.cpp.obj)
 .rodata.CSWTCH.24
                0x0000000003811c66        0x3 /Applications/VEXcode Pro V5.app/Contents/Resources/sdk/vexv5/libv5rt.a(vex_controller.cpp.obj)
 .rodata.str1.1
                0x0000000003811c69       0x14 /Applications/VEXcode Pro V5.app/Contents/Resources/sdk/vexv5/libv5rt.a(vex_task.cpp.obj)
 .rodata.str1.1
                0x0000000003811c7d       0x2b /Applications/VEXcode Pro V5.app/Contents/Resources/sdk/vexv5/libv5rt.a(vex_brain.cpp.obj)
                                         0x2d (size before relaxing)
 .rodata.CSWTCH.36
                0x0000000003811ca8       0x10 /Applications/VEXcode Pro V5.app/Contents/Resources/sdk/vexv5/libv5rt.a(vex_triport.cpp.obj)
 .rodata._ZTVN3vex7triportE
                0x0000000003811cb8       0x18 /Applications/VEXcode Pro V5.app/Contents/Resources/sdk/vexv5/libv5rt.a(vex_triport.cpp.obj)
                0x0000000003811cb8                vtable for vex::triport
 .rodata.CSWTCH.31
                0x0000000003811cd0        0xe /Applications/VEXcode Pro V5.app/Contents/Resources/sdk/vexv5/libv5rt.a(vex_triport.cpp.obj)
 *fill*         0x0000000003811cde        0x2 
 .rodata._ZTVN3vex6deviceE
                0x0000000003811ce0       0x18 /Applications/VEXcode Pro V5.app/Contents/Resources/sdk/vexv5/libv5rt.a(vex_device.cpp.obj)
                0x0000000003811ce0                vtable for vex::device
 .rodata.str1.4
                0x0000000003811cf8        0x4 /Applications/VEXcode Pro V5.app/Contents/Resources/sdk/vexv5/gcc/libs/libc.a(lib_a-impure.o)
                                          0x2 (size before relaxing)
 *(.gnu.linkonce.r.*)
                0x0000000003811cfc                __rodata_end = .

.rodata1        0x0000000003811cfc        0x0
                0x0000000003811cfc                __rodata1_start = .
 *(.rodata1)
 *(.rodata1.*)
                0x0000000003811cfc                __rodata1_end = .

.sdata2         0x0000000003811cfc        0x0
                0x0000000003811cfc                __sdata2_start = .
 *(.sdata2)
 *(.sdata2.*)
 *(.gnu.linkonce.s2.*)
                0x0000000003811cfc                __sdata2_end = .

.sbss2          0x0000000003811cfc        0x0
                0x0000000003811cfc                __sbss2_start = .
 *(.sbss2)
 *(.sbss2.*)
 *(.gnu.linkonce.sb2.*)
                0x0000000003811cfc                __sbss2_end = .

.data           0x0000000003811d00      0x4cc
                0x0000000003811d00                __data_start = .
 *(.data)
 *(.data.*)
 .data.descore_time
                0x0000000003811d00        0x4 build/src/main.o
                0x0000000003811d00                descore_time
 .data.disposal_setting
                0x0000000003811d04        0x4 build/src/main.o
                0x0000000003811d04                disposal_setting
 .data.turning_constant
                0x0000000003811d08        0x4 build/src/main.o
                0x0000000003811d08                turning_constant
 .data.turning_constant_2
                0x0000000003811d0c        0x4 build/src/main.o
                0x0000000003811d0c                turning_constant_2
 .data.drive_mode
                0x0000000003811d10        0x4 build/src/main.o
                0x0000000003811d10                drive_mode
 *fill*         0x0000000003811d14        0x4 
 .data.side_scale
                0x0000000003811d18        0x8 build/src/main.o
                0x0000000003811d18                side_scale
 .data.back_scale
                0x0000000003811d20        0x8 build/src/main.o
                0x0000000003811d20                back_scale
 .data.turn_scale
                0x0000000003811d28        0x8 build/src/main.o
                0x0000000003811d28                turn_scale
 .data.c_index  0x0000000003811d30        0x4 build/src/main.o
                0x0000000003811d30                c_index
 .data.p_index  0x0000000003811d34        0x4 build/src/main.o
                0x0000000003811d34                p_index
 .data.time_out
                0x0000000003811d38        0x8 build/src/main.o
                0x0000000003811d38                time_out
 .data.intake_early
                0x0000000003811d40        0x8 build/src/main.o
                0x0000000003811d40                intake_early
 .data.global   0x0000000003811d48       0x18 build/src/main.o
                0x0000000003811d48                global
 .data.red_screen_length
                0x0000000003811d60        0x4 build/src/main.o
                0x0000000003811d60                red_screen_length
 .data.main_menu_length
                0x0000000003811d64        0x4 build/src/main.o
                0x0000000003811d64                main_menu_length
 .data.auton_length
                0x0000000003811d68        0x4 build/src/main.o
                0x0000000003811d68                auton_length
 .data.odom_display_length
                0x0000000003811d6c        0x4 build/src/main.o
                0x0000000003811d6c                odom_display_length
 .data.compass_length
                0x0000000003811d70        0x4 build/src/main.o
                0x0000000003811d70                compass_length
 .data.motor_info_length
                0x0000000003811d74        0x4 build/src/main.o
                0x0000000003811d74                motor_info_length
 .data.art_display_length
                0x0000000003811d78        0x4 build/src/main.o
                0x0000000003811d78                art_display_length
 .data.auton_selected
                0x0000000003811d7c        0x4 build/src/main.o
                0x0000000003811d7c                auton_selected
 .data.global_angle_selected
                0x0000000003811d80        0x4 build/src/main.o
                0x0000000003811d80                global_angle_selected
 .data.motor_temp_max
                0x0000000003811d84        0x4 build/src/main.o
                0x0000000003811d84                motor_temp_max
 .data.reference
                0x0000000003811d88        0x4 build/src/main.o
                0x0000000003811d88                reference
 .data.auton_num
                0x0000000003811d8c        0x4 build/src/main.o
                0x0000000003811d8c                auton_num
 .data.appRunning
                0x0000000003811d90        0x4 /Applications/VEXcode Pro V5.app/Contents/Resources/sdk/vexv5/libv5rt.a(v5_startup.c.obj)
                0x0000000003811d90                appRunning
 .data.__yoff   0x0000000003811d94        0x4 /Applications/VEXcode Pro V5.app/Contents/Resources/sdk/vexv5/libv5rt.a(v5_apijump.c.obj)
 .data._ZN3vex24__default_motor_velocityE
                0x0000000003811d98        0x4 /Applications/VEXcode Pro V5.app/Contents/Resources/sdk/vexv5/libv5rt.a(vex_motor.cpp.obj)
                0x0000000003811d98                vex::__default_motor_velocity
 *fill*         0x0000000003811d9c        0x4 
 .data.impure_data
                0x0000000003811da0      0x428 /Applications/VEXcode Pro V5.app/Contents/Resources/sdk/vexv5/gcc/libs/libc.a(lib_a-impure.o)
 .data._impure_ptr
                0x00000000038121c8        0x4 /Applications/VEXcode Pro V5.app/Contents/Resources/sdk/vexv5/gcc/libs/libc.a(lib_a-impure.o)
                0x00000000038121c8                _impure_ptr
 *(.gnu.linkonce.d.*)
 *(.jcr)
 *(.got)
 *(.got.plt)
                0x00000000038121cc                __data_end = .

.igot.plt       0x00000000038121cc        0x0
 .igot.plt      0x00000000038121cc        0x0 build/src/main.o

.data1          0x00000000038121cc        0x0
                0x00000000038121cc                __data1_start = .
 *(.data1)
 *(.data1.*)
                0x00000000038121cc                __data1_end = .

.got
 *(.got)

.ctors          0x00000000038121cc        0x0
                0x00000000038121cc                __CTOR_LIST__ = .
                0x00000000038121cc                ___CTORS_LIST___ = .
 *crtbegin.o(.ctors)
 *(EXCLUDE_FILE(*crtend.o) .ctors)
 *(SORT_BY_NAME(.ctors.*))
 *(.ctors)
                0x00000000038121cc                __CTOR_END__ = .
                0x00000000038121cc                ___CTORS_END___ = .

.dtors          0x00000000038121cc        0x0
                0x00000000038121cc                __DTOR_LIST__ = .
                0x00000000038121cc                ___DTORS_LIST___ = .
 *crtbegin.o(.dtors)
 *(EXCLUDE_FILE(*crtend.o) .dtors)
 *(SORT_BY_NAME(.dtors.*))
 *(.dtors)
                0x00000000038121cc                __DTOR_END__ = .
                0x00000000038121cc                ___DTORS_END___ = .

.fixup          0x00000000038121cc        0x0
                0x00000000038121cc                __fixup_start = .
 *(.fixup)
                0x00000000038121cc                __fixup_end = .

.eh_frame
 *(.eh_frame)

.eh_framehdr    0x00000000038121cc        0x0
                0x00000000038121cc                __eh_framehdr_start = .
 *(.eh_framehdr)
                0x00000000038121cc                __eh_framehdr_end = .

.gcc_except_table
 *(.gcc_except_table)

.mmu_tbl        0x0000000003814000        0x0
                0x0000000003814000                __mmu_tbl_start = .
 *(.mmu_tbl)
                0x0000000003814000                __mmu_tbl_end = .

.ARM.exidx      0x00000000038121cc        0x8
                0x00000000038121cc                __exidx_start = .
 *(.ARM.exidx*)
 .ARM.exidx.text._Z8toStringi
                0x00000000038121cc        0x8 build/src/main.o
 .ARM.exidx.text._Z23ball_detection_intakingv
                0x00000000038121d4        0x0 build/src/main.o
                                          0x8 (size before relaxing)
 .ARM.exidx.text._Z23ball_detection_shootingv
                0x00000000038121d4        0x0 build/src/main.o
                                          0x8 (size before relaxing)
 .ARM.exidx.text._Z18intaking_detectionv
                0x00000000038121d4        0x0 build/src/main.o
                                          0x8 (size before relaxing)
 .ARM.exidx.text._Z18distance_detectionv
                0x00000000038121d4        0x0 build/src/main.o
                                          0x8 (size before relaxing)
 .ARM.exidx.text._Z11spin_motorsPd
                0x00000000038121d4        0x0 build/src/main.o
                                          0x8 (size before relaxing)
 .ARM.exidx.text._Z9set_speeddddbSs
                0x00000000038121d4        0x0 build/src/main.o
                                          0x8 (size before relaxing)
 .ARM.exidx.text._Z11arcade_modev
                0x00000000038121d4        0x0 build/src/main.o
                                          0x8 (size before relaxing)
 .ARM.exidx.text._Z9tank_modev
                0x00000000038121d4        0x0 build/src/main.o
                                          0x8 (size before relaxing)
 .ARM.exidx.text._Z15shooterControlsv
                0x00000000038121d4        0x0 build/src/main.o
                                          0x8 (size before relaxing)
 .ARM.exidx.text._Z13driveControlsv
                0x00000000038121d4        0x0 build/src/main.o
                                          0x8 (size before relaxing)
 .ARM.exidx.text._Z11reset_thetav
                0x00000000038121d4        0x0 build/src/main.o
                                          0x8 (size before relaxing)
 .ARM.exidx.text._Z13trackOdometryv
                0x00000000038121d4        0x0 build/src/main.o
                                          0x8 (size before relaxing)
 .ARM.exidx.text._Z11motorSpeedsPdb
                0x00000000038121d4        0x0 build/src/main.o
                                          0x8 (size before relaxing)
 .ARM.exidx.text._Z11movementPIDddbdd
                0x00000000038121d4        0x0 build/src/main.o
                                          0x8 (size before relaxing)
 .ARM.exidx.text._Z12error_updateddd
                0x00000000038121d4        0x0 build/src/main.o
                                          0x8 (size before relaxing)
 .ARM.exidx.text._Z14moveToPositiondddddddb
                0x00000000038121d4        0x0 build/src/main.o
                                          0x8 (size before relaxing)
 .ARM.exidx.text._Z9drawFieldv
                0x00000000038121d4        0x0 build/src/main.o
                                          0x8 (size before relaxing)
 .ARM.exidx.text._Z11updateTouchv
                0x00000000038121d4        0x0 build/src/main.o
                                          0x8 (size before relaxing)
 .ARM.exidx.text._Z15displayOdomInfob
                0x00000000038121d4        0x0 build/src/main.o
                                          0x8 (size before relaxing)
 .ARM.exidx.text._Z19updateRobotPositionv
                0x00000000038121d4        0x0 build/src/main.o
                                          0x8 (size before relaxing)
 .ARM.exidx.text._Z9debugModeb
                0x00000000038121d4        0x0 build/src/main.o
                                          0x8 (size before relaxing)
 .ARM.exidx.text.__cxx_global_array_dtor
                0x00000000038121d4        0x0 build/src/main.o
                                          0x8 (size before relaxing)
 .ARM.exidx.text.__cxx_global_array_dtor.46
                0x00000000038121d4        0x0 build/src/main.o
                                          0x8 (size before relaxing)
 .ARM.exidx.text.__cxx_global_array_dtor.52
                0x00000000038121d4        0x0 build/src/main.o
                                          0x8 (size before relaxing)
 .ARM.exidx.text.__cxx_global_array_dtor.54
                0x00000000038121d4        0x0 build/src/main.o
                                          0x8 (size before relaxing)
 .ARM.exidx.text.__cxx_global_array_dtor.64
                0x00000000038121d4        0x0 build/src/main.o
                                          0x8 (size before relaxing)
 .ARM.exidx.text.__cxx_global_array_dtor.68
                0x00000000038121d4        0x0 build/src/main.o
                                          0x8 (size before relaxing)
 .ARM.exidx.text.__cxx_global_array_dtor.78
                0x00000000038121d4        0x0 build/src/main.o
                                          0x8 (size before relaxing)
 .ARM.exidx.text._Z8mainMenuv
                0x00000000038121d4        0x0 build/src/main.o
                                          0x8 (size before relaxing)
 .ARM.exidx.text._Z13createButtonsv
                0x00000000038121d4        0x0 build/src/main.o
                                          0x8 (size before relaxing)
 .ARM.exidx.text._Z17findButtonPresseddd
                0x00000000038121d4        0x0 build/src/main.o
                                          0x8 (size before relaxing)
 .ARM.exidx.text._Z8resetAllv
                0x00000000038121d4        0x0 build/src/main.o
                                          0x8 (size before relaxing)
 .ARM.exidx.text._Z12selectButtonv
                0x00000000038121d4        0x0 build/src/main.o
                                          0x8 (size before relaxing)
 .ARM.exidx.text._Z14autonDebugMenuv
                0x00000000038121d4        0x0 build/src/main.o
                                          0x8 (size before relaxing)
 .ARM.exidx.text._Z13getMotorTempsv
                0x00000000038121d4        0x0 build/src/main.o
                                          0x8 (size before relaxing)
 .ARM.exidx.text._Z11drawButtonsv
                0x00000000038121d4        0x0 build/src/main.o
                                          0x8 (size before relaxing)
 .ARM.exidx.text._Z12move_forwarddd
                0x00000000038121d4        0x0 build/src/main.o
                                          0x8 (size before relaxing)
 .ARM.exidx.text._Z7back_updd
                0x00000000038121d4        0x0 build/src/main.o
                                          0x8 (size before relaxing)
 .ARM.exidx.text._Z10left_rightdd
                0x00000000038121d4        0x0 build/src/main.o
                                          0x8 (size before relaxing)
 .ARM.exidx.text._Z8testing3v
                0x00000000038121d4        0x0 build/src/main.o
                                          0x8 (size before relaxing)
 .ARM.exidx.text._Z8testing2v
                0x00000000038121d4        0x0 build/src/main.o
                                          0x8 (size before relaxing)
 .ARM.exidx.text._Z8prog_runv
                0x00000000038121d4        0x0 build/src/main.o
                                          0x8 (size before relaxing)
 .ARM.exidx.text._Z7homerowv
                0x00000000038121d4        0x0 build/src/main.o
                                          0x8 (size before relaxing)
 .ARM.exidx.text._Z13coordinated_1v
                0x00000000038121d4        0x0 build/src/main.o
                                          0x8 (size before relaxing)
 .ARM.exidx.text._Z13coordinated_2v
                0x00000000038121d4        0x0 build/src/main.o
                                          0x8 (size before relaxing)
 .ARM.exidx.text._Z7testingv
                0x00000000038121d4        0x0 build/src/main.o
                                          0x8 (size before relaxing)
 .ARM.exidx.text._Z4no_7v
                0x00000000038121d4        0x0 build/src/main.o
                                          0x8 (size before relaxing)
 .ARM.exidx.text._Z5Blue2v
                0x00000000038121d4        0x0 build/src/main.o
                                          0x8 (size before relaxing)
 .ARM.exidx.text._Z6Black2v
                0x00000000038121d4        0x0 build/src/main.o
                                          0x8 (size before relaxing)
 .ARM.exidx.text._Z6Black1v
                0x00000000038121d4        0x0 build/src/main.o
                                          0x8 (size before relaxing)
 .ARM.exidx.text._Z5Blue3v
                0x00000000038121d4        0x0 build/src/main.o
                                          0x8 (size before relaxing)